Archive member included because of file (symbol)

build/waf_bootloader-NoOS-NoNS-MXCHIP3162-SDIO/libraries/App_WICED_Bootloader_MXCHIP3162.a(bootloader.o)
                              build/waf_bootloader-NoOS-NoNS-MXCHIP3162-SDIO/Modules/./WICED/platform/MCU/STM32F2xx/../../ARM_CM3/crt0_GCC.o (main)
build/waf_bootloader-NoOS-NoNS-MXCHIP3162-SDIO/libraries/Platform_MXCHIP3162.a(platform.o)
                              build/waf_bootloader-NoOS-NoNS-MXCHIP3162-SDIO/Modules/./WICED/platform/MCU/STM32F2xx/../../ARM_CM3/crt0_GCC.o (platform_init_external_devices)
build/waf_bootloader-NoOS-NoNS-MXCHIP3162-SDIO/libraries/WWD_NoOS_Interface.a(noos.o)
                              build/waf_bootloader-NoOS-NoNS-MXCHIP3162-SDIO/Modules/./WICED/platform/MCU/STM32F2xx/platform_vector_table.o (NoOS_systick_irq)
build/waf_bootloader-NoOS-NoNS-MXCHIP3162-SDIO/libraries/STM32F2xx.a(platform_stdio.o)
                              build/waf_bootloader-NoOS-NoNS-MXCHIP3162-SDIO/Modules/WICED/platform/GCC/stdio_newlib.o (platform_stdio_write)
build/waf_bootloader-NoOS-NoNS-MXCHIP3162-SDIO/libraries/STM32F2xx.a(platform_init.o)
                              build/waf_bootloader-NoOS-NoNS-MXCHIP3162-SDIO/Modules/./WICED/platform/MCU/STM32F2xx/../../ARM_CM3/crt0_GCC.o (platform_init_system_clocks)
build/waf_bootloader-NoOS-NoNS-MXCHIP3162-SDIO/libraries/STM32F2xx.a(platform_unhandled_isr.o)
                              build/waf_bootloader-NoOS-NoNS-MXCHIP3162-SDIO/Modules/./WICED/platform/MCU/STM32F2xx/platform_vector_table.o (UnhandledInterrupt)
build/waf_bootloader-NoOS-NoNS-MXCHIP3162-SDIO/libraries/STM32F2xx.a(wwd_platform_common.o)
                              build/waf_bootloader-NoOS-NoNS-MXCHIP3162-SDIO/libraries/STM32F2xx.a(platform_init.o) (host_platform_init)
build/waf_bootloader-NoOS-NoNS-MXCHIP3162-SDIO/libraries/STM32F2xx_Peripheral_Drivers.a(platform_gpio.o)
                              build/waf_bootloader-NoOS-NoNS-MXCHIP3162-SDIO/libraries/Platform_MXCHIP3162.a(platform.o) (platform_gpio_init)
build/waf_bootloader-NoOS-NoNS-MXCHIP3162-SDIO/libraries/STM32F2xx_Peripheral_Drivers.a(platform_mcu_powersave.o)
                              build/waf_bootloader-NoOS-NoNS-MXCHIP3162-SDIO/libraries/STM32F2xx_Peripheral_Drivers.a(platform_gpio.o) (platform_mcu_powersave_disable)
build/waf_bootloader-NoOS-NoNS-MXCHIP3162-SDIO/libraries/STM32F2xx_Peripheral_Drivers.a(platform_uart.o)
                              build/waf_bootloader-NoOS-NoNS-MXCHIP3162-SDIO/libraries/Platform_MXCHIP3162.a(platform.o) (platform_uart_irq)
build/waf_bootloader-NoOS-NoNS-MXCHIP3162-SDIO/libraries/STM32F2xx_Peripheral_Drivers.a(platform_watchdog.o)
                              build/waf_bootloader-NoOS-NoNS-MXCHIP3162-SDIO/libraries/STM32F2xx.a(platform_init.o) (platform_watchdog_init)
build/waf_bootloader-NoOS-NoNS-MXCHIP3162-SDIO/libraries/Ring_Buffer.a(ring_buffer.o)
                              build/waf_bootloader-NoOS-NoNS-MXCHIP3162-SDIO/libraries/STM32F2xx_Peripheral_Drivers.a(platform_uart.o) (ring_buffer_get_data)
build/waf_bootloader-NoOS-NoNS-MXCHIP3162-SDIO/libraries/STM32F2xx_Peripheral_Libraries.a(misc.o)
                              build/waf_bootloader-NoOS-NoNS-MXCHIP3162-SDIO/libraries/STM32F2xx.a(platform_init.o) (NVIC_PriorityGroupConfig)
build/waf_bootloader-NoOS-NoNS-MXCHIP3162-SDIO/libraries/STM32F2xx_Peripheral_Libraries.a(stm32f2xx_dma.o)
                              build/waf_bootloader-NoOS-NoNS-MXCHIP3162-SDIO/libraries/STM32F2xx_Peripheral_Drivers.a(platform_uart.o) (DMA_DeInit)
build/waf_bootloader-NoOS-NoNS-MXCHIP3162-SDIO/libraries/STM32F2xx_Peripheral_Libraries.a(stm32f2xx_exti.o)
                              build/waf_bootloader-NoOS-NoNS-MXCHIP3162-SDIO/libraries/STM32F2xx_Peripheral_Drivers.a(platform_gpio.o) (EXTI_Init)
build/waf_bootloader-NoOS-NoNS-MXCHIP3162-SDIO/libraries/STM32F2xx_Peripheral_Libraries.a(stm32f2xx_flash.o)
                              build/waf_bootloader-NoOS-NoNS-MXCHIP3162-SDIO/libraries/STM32F2xx.a(platform_init.o) (FLASH_SetLatency)
build/waf_bootloader-NoOS-NoNS-MXCHIP3162-SDIO/libraries/STM32F2xx_Peripheral_Libraries.a(stm32f2xx_gpio.o)
                              build/waf_bootloader-NoOS-NoNS-MXCHIP3162-SDIO/libraries/STM32F2xx_Peripheral_Drivers.a(platform_gpio.o) (GPIO_Init)
build/waf_bootloader-NoOS-NoNS-MXCHIP3162-SDIO/libraries/STM32F2xx_Peripheral_Libraries.a(stm32f2xx_iwdg.o)
                              build/waf_bootloader-NoOS-NoNS-MXCHIP3162-SDIO/libraries/STM32F2xx_Peripheral_Drivers.a(platform_watchdog.o) (IWDG_WriteAccessCmd)
build/waf_bootloader-NoOS-NoNS-MXCHIP3162-SDIO/libraries/STM32F2xx_Peripheral_Libraries.a(stm32f2xx_rcc.o)
                              build/waf_bootloader-NoOS-NoNS-MXCHIP3162-SDIO/libraries/STM32F2xx.a(platform_init.o) (RCC_HSEConfig)
build/waf_bootloader-NoOS-NoNS-MXCHIP3162-SDIO/libraries/STM32F2xx_Peripheral_Libraries.a(stm32f2xx_syscfg.o)
[...]
Memory Configuration

Name             Origin             Length             Attributes
BTLDR_VECTORS    0x0000000008000000 0x0000000000000200 xr
SHARED_API       0x0000000008000200 0x0000000000000200 xr
BTLDR_CODE       0x0000000008000400 0x0000000000003c00 xr
DCT1_FLASH       0x0000000008004000 0x0000000000004000 xr
DCT2_FLASH       0x0000000008008000 0x0000000000004000 xr
APP_CODE         0x000000000800c000 0x00000000000f4000 xr
SRAM             0x0000000020000000 0x0000000000020000 xrw
*default*        0x0000000000000000 0xffffffffffffffff

Linker script and memory map

                0x0000000000000fa0                __STACKSIZE__ = 0xfa0
                0x0000000008000654                reset_handler = _start

.vectors        0x0000000008000000      0x184
                0x0000000008000000                link_interrupt_vectors_location = .
 *(*.interrupt_vector_table)
 .data.interrupt_vector_table
                0x0000000008000000      0x184 build/waf_bootloader-NoOS-NoNS-MXCHIP3162-SDIO/Modules/./WICED/platform/MCU/STM32F2xx/platform_vector_table.o
                0x0000000008000000                interrupt_vector_table

.shared_api     0x0000000008000200       0x30
                0x0000000008000200                shared_api_location = .
 *(.rodata.shared_waf_api_val)
 .rodata.shared_waf_api_val
                0x0000000008000200       0x30 build/waf_bootloader-NoOS-NoNS-MXCHIP3162-SDIO/Modules/./WICED/platform/MCU/STM32F2xx/WAF/waf_platform.o
                0x0000000008000200                shared_waf_api_val

.text           0x0000000008000400     0x1c90
                0x0000000008000400                link_code_location = .
 *(.text.irq)
 .text.irq      0x0000000008000400       0x20 build/waf_bootloader-NoOS-NoNS-MXCHIP3162-SDIO/Modules/./WICED/platform/MCU/STM32F2xx/../../ARM_CM3/hardfault_handler.o
                0x0000000008000400                HardFaultException
 .text.irq      0x0000000008000420       0xa8 build/waf_bootloader-NoOS-NoNS-MXCHIP3162-SDIO/libraries/Platform_MXCHIP3162.a(platform.o)
                0x0000000008000420                USART1_irq
                0x0000000008000420                usart1_irq
                0x000000000800043c                usart2_irq
                0x000000000800043c                USART2_irq
                0x0000000008000458                DMA2_Stream7_irq
                0x0000000008000458                usart1_tx_dma_irq
                0x0000000008000474                DMA1_Stream6_irq
                0x0000000008000474                usart2_tx_dma_irq
                0x0000000008000490                usart1_rx_dma_irq
                0x0000000008000490                DMA2_Stream2_irq
                0x00000000080004ac                usart2_rx_dma_irq
                0x00000000080004ac                DMA1_Stream5_irq
 .text.irq      0x00000000080004c8       0x20 build/waf_bootloader-NoOS-NoNS-MXCHIP3162-SDIO/libraries/WWD_NoOS_Interface.a(noos.o)
                0x00000000080004c8                NoOS_systick_irq
 .text.irq      0x00000000080004e8       0x18 build/waf_bootloader-NoOS-NoNS-MXCHIP3162-SDIO/libraries/STM32F2xx.a(platform_unhandled_isr.o)
                0x00000000080004e8                MemManageException
                0x00000000080004e8                BusFaultException
                0x00000000080004e8                OTG_HS_EP1_OUT_irq
                0x00000000080004e8                CAN2_RX0_irq
                0x00000000080004e8                UART5_irq
                0x00000000080004e8                DMA1_Stream3_irq
                0x00000000080004e8                SPI2_irq
                0x00000000080004e8                USART3_irq
                0x00000000080004e8                FSMC_irq
                0x00000000080004e8                DebugMonitor
                0x00000000080004e8                TIM1_UP_TIM10_irq
                0x00000000080004e8                TIM4_irq
                0x00000000080004e8                CAN1_TX_irq
                0x00000000080004e8                TIM2_irq
                0x00000000080004e8                SPI1_irq
                0x00000000080004e8                ETH_WKUP_irq
                0x00000000080004e8                TAMP_STAMP_irq
                0x00000000080004e8                ADC_irq
                0x00000000080004e8                TIM8_UP_TIM13_irq
                0x00000000080004e8                DMA1_Stream1_irq
                0x00000000080004e8                ETH_irq
                0x00000000080004e8                UnhandledInterrupt
                0x00000000080004e8                DMA1_Stream2_irq
                0x00000000080004e8                RTC_Alarm_irq
                0x00000000080004e8                TIM8_CC_irq
                0x00000000080004e8                DMA2_Stream4_irq
                0x00000000080004e8                I2C1_ER_irq
                0x00000000080004e8                DMA1_Stream0_irq
                0x00000000080004e8                NMIException
                0x00000000080004e8                DMA2_Stream0_irq
                0x00000000080004e8                USART6_irq
                0x00000000080004e8                OTG_FS_WKUP_irq
                0x00000000080004e8                DMA2_Stream6_irq
                0x00000000080004e8                I2C1_EV_irq
                0x00000000080004e8                DMA1_Stream4_irq
                0x00000000080004e8                CAN2_TX_irq
                0x00000000080004e8                WWDG_irq
                0x00000000080004e8                DMA2_Stream5_irq
                0x00000000080004e8                SPI3_irq
                0x00000000080004e8                PVD_irq
                0x00000000080004e8                DMA2_Stream3_irq
                0x00000000080004e8                TIM8_TRG_COM_TIM14_irq
                0x00000000080004e8                OTG_HS_EP1_IN_irq
                0x00000000080004e8                TIM1_TRG_COM_TIM11_irq
                0x00000000080004e8                I2C2_EV_irq
                0x00000000080004e8                CRYP_irq
                0x00000000080004e8                I2C3_EV_irq
                0x00000000080004e8                DMA1_Stream7_irq
                0x00000000080004e8                HASH_RNG_irq
                0x00000000080004e8                TIM1_CC_irq
                0x00000000080004e8                TIM8_BRK_TIM12_irq
                0x00000000080004e8                CAN2_RX1_irq
                0x00000000080004e8                RTC_WKUP_irq
                0x00000000080004e8                CAN1_RX1_irq
                0x00000000080004e8                TIM6_DAC_irq
                0x00000000080004e8                CAN1_RX0_irq
                0x00000000080004e8                OTG_HS_WKUP_irq
                0x00000000080004e8                TIM1_BRK_TIM9_irq
                0x00000000080004e8                OTG_FS_irq
                0x00000000080004e8                TIM5_irq
                0x00000000080004e8                DCMI_irq
                0x00000000080004e8                UART4_irq
                0x00000000080004e8                CAN1_SCE_irq
                0x00000000080004e8                UsageFaultException
                0x00000000080004e8                SDIO_irq
                0x00000000080004e8                DMA2_Stream1_irq
                0x00000000080004e8                OTG_HS_irq
                0x00000000080004e8                CAN2_SCE_irq
                0x00000000080004e8                I2C3_ER_irq
                0x00000000080004e8                RCC_irq
                0x00000000080004e8                FLASH_irq
                0x00000000080004e8                I2C2_ER_irq
                0x00000000080004e8                TIM3_irq
 .text.irq      0x0000000008000500      0x134 build/waf_bootloader-NoOS-NoNS-MXCHIP3162-SDIO/libraries/STM32F2xx_Peripheral_Drivers.a(platform_gpio.o)
                0x0000000008000500                EXTI9_5_irq
                0x0000000008000500                EXTI4_irq
                0x0000000008000500                EXTI1_irq
                0x0000000008000500                EXTI0_irq
                0x0000000008000500                EXTI15_10_irq
                0x0000000008000500                gpio_irq
                0x0000000008000500                EXTI3_irq
                0x0000000008000500                EXTI2_irq
 .text.irq      0x0000000008000634       0x20 build/waf_bootloader-NoOS-NoNS-MXCHIP3162-SDIO/libraries/STM32F2xx_Peripheral_Drivers.a(platform_watchdog.o)
                0x0000000008000634                dbg_watchdog_irq
                0x0000000008000634                TIM7_irq
 *(.text .text.* .gnu.linkonce.t.*)
 .text._start   0x0000000008000654       0xbc build/waf_bootloader-NoOS-NoNS-MXCHIP3162-SDIO/Modules/./WICED/platform/MCU/STM32F2xx/../../ARM_CM3/crt0_GCC.o
                0x0000000008000654                _start
 .text.HardFaultException_handler
                0x0000000008000710        0x4 build/waf_bootloader-NoOS-NoNS-MXCHIP3162-SDIO/Modules/./WICED/platform/MCU/STM32F2xx/../../ARM_CM3/hardfault_handler.o
                0x0000000008000710                HardFaultException_handler
 .text.NVIC_SystemReset
                0x0000000008000714       0x20 build/waf_bootloader-NoOS-NoNS-MXCHIP3162-SDIO/Modules/./WICED/platform/MCU/STM32F2xx/WAF/waf_platform.o
 .text.platform_reboot
                0x0000000008000734        0x8 build/waf_bootloader-NoOS-NoNS-MXCHIP3162-SDIO/Modules/./WICED/platform/MCU/STM32F2xx/WAF/waf_platform.o
 .text.platform_read_wifi_firmware
                0x000000000800073c        0x4 build/waf_bootloader-NoOS-NoNS-MXCHIP3162-SDIO/Modules/./WICED/platform/MCU/STM32F2xx/WAF/waf_platform.o
 .text.platform_start_app
                0x0000000008000740       0x34 build/waf_bootloader-NoOS-NoNS-MXCHIP3162-SDIO/Modules/./WICED/platform/MCU/STM32F2xx/WAF/waf_platform.o
 .text.platform_copy_external_to_internal
                0x0000000008000774        0x4 build/waf_bootloader-NoOS-NoNS-MXCHIP3162-SDIO/Modules/./WICED/platform/MCU/STM32F2xx/WAF/waf_platform.o
 .text.platform_erase_app
                0x0000000008000778       0x38 build/waf_bootloader-NoOS-NoNS-MXCHIP3162-SDIO/Modules/./WICED/platform/MCU/STM32F2xx/WAF/waf_platform.o
 .text.platform_write_app_chunk
                0x00000000080007b0       0x70 build/waf_bootloader-NoOS-NoNS-MXCHIP3162-SDIO/Modules/./WICED/platform/MCU/STM32F2xx/WAF/waf_platform.o
 .text.platform_get_current_dct_address
                0x0000000008000820      0x124 build/waf_bootloader-NoOS-NoNS-MXCHIP3162-SDIO/Modules/./WICED/platform/MCU/STM32F2xx/WAF/waf_platform.o
 .text.platform_dct_read_with_copy
                0x0000000008000944      0x134 build/waf_bootloader-NoOS-NoNS-MXCHIP3162-SDIO/Modules/./WICED/platform/MCU/STM32F2xx/WAF/waf_platform.o
 .text.platform_write_dct.constprop.0
                0x0000000008000a78      0x4f4 build/waf_bootloader-NoOS-NoNS-MXCHIP3162-SDIO/Modules/./WICED/platform/MCU/STM32F2xx/WAF/waf_platform.o
 .text.platform_perform_factory_reset
                0x0000000008000f6c       0x14 build/waf_bootloader-NoOS-NoNS-MXCHIP3162-SDIO/Modules/./WICED/platform/MCU/STM32F2xx/WAF/waf_platform.o
 .text.platform_start_ota_upgrade
                0x0000000008000f80       0x14 build/waf_bootloader-NoOS-NoNS-MXCHIP3162-SDIO/Modules/./WICED/platform/MCU/STM32F2xx/WAF/waf_platform.o
 .text.platform_set_app_valid_bit
                0x0000000008000f94       0x14 build/waf_bootloader-NoOS-NoNS-MXCHIP3162-SDIO/Modules/./WICED/platform/MCU/STM32F2xx/WAF/waf_platform.o
 .text.platform_dct_write
                0x0000000008000fa8       0x24 build/waf_bootloader-NoOS-NoNS-MXCHIP3162-SDIO/Modules/./WICED/platform/MCU/STM32F2xx/WAF/waf_platform.o
 .text.startup.main
                0x0000000008000fcc       0x6c build/waf_bootloader-NoOS-NoNS-MXCHIP3162-SDIO/libraries/App_WICED_Bootloader_MXCHIP3162.a(bootloader.o)
                0x0000000008000fcc                main
 .text.platform_init_peripheral_irq_priorities
                0x0000000008001038       0x5c build/waf_bootloader-NoOS-NoNS-MXCHIP3162-SDIO/libraries/Platform_MXCHIP3162.a(platform.o)
                0x0000000008001038                platform_init_peripheral_irq_priorities
 .text.platform_init_external_devices
                0x0000000008001094       0x44 build/waf_bootloader-NoOS-NoNS-MXCHIP3162-SDIO/libraries/Platform_MXCHIP3162.a(platform.o)
                0x0000000008001094                platform_init_external_devices
 .text.platform_init_rtos_irq_priorities
                0x00000000080010d8       0x20 build/waf_bootloader-NoOS-NoNS-MXCHIP3162-SDIO/libraries/WWD_NoOS_Interface.a(noos.o)
                0x00000000080010d8                platform_init_rtos_irq_priorities
 .text.platform_init_system_clocks
                0x00000000080010f8       0x6c build/waf_bootloader-NoOS-NoNS-MXCHIP3162-SDIO/libraries/STM32F2xx.a(platform_init.o)
                0x00000000080010f8                platform_init_system_clocks
 .text.platform_init_memory
                0x0000000008001164        0x4 build/waf_bootloader-NoOS-NoNS-MXCHIP3162-SDIO/libraries/STM32F2xx.a(platform_init.o)
                0x0000000008001164                platform_init_memory
 .text.platform_init_mcu_infrastructure
                0x0000000008001168       0x34 build/waf_bootloader-NoOS-NoNS-MXCHIP3162-SDIO/libraries/STM32F2xx.a(platform_init.o)
                0x0000000008001168                platform_init_mcu_infrastructure
 .text.platform_gpio_init
                0x000000000800119c       0xf8 build/waf_bootloader-NoOS-NoNS-MXCHIP3162-SDIO/libraries/STM32F2xx_Peripheral_Drivers.a(platform_gpio.o)
                0x000000000800119c                platform_gpio_init
 .text.platform_gpio_output_low
                0x0000000008001294       0x1c build/waf_bootloader-NoOS-NoNS-MXCHIP3162-SDIO/libraries/STM32F2xx_Peripheral_Drivers.a(platform_gpio.o)
                0x0000000008001294                platform_gpio_output_low
 .text.platform_gpio_irq_manager_init
                0x00000000080012b0       0x20 build/waf_bootloader-NoOS-NoNS-MXCHIP3162-SDIO/libraries/STM32F2xx_Peripheral_Drivers.a(platform_gpio.o)
                0x00000000080012b0                platform_gpio_irq_manager_init
 .text.platform_mcu_powersave_disable
                0x00000000080012d0        0x8 build/waf_bootloader-NoOS-NoNS-MXCHIP3162-SDIO/libraries/STM32F2xx_Peripheral_Drivers.a(platform_mcu_powersave.o)
                0x00000000080012d0                platform_mcu_powersave_disable
 .text.platform_mcu_powersave_enable
                0x00000000080012d8        0x8 build/waf_bootloader-NoOS-NoNS-MXCHIP3162-SDIO/libraries/STM32F2xx_Peripheral_Drivers.a(platform_mcu_powersave.o)
                0x00000000080012d8                platform_mcu_powersave_enable
 .text.platform_uart_irq
                0x00000000080012e0       0x40 build/waf_bootloader-NoOS-NoNS-MXCHIP3162-SDIO/libraries/STM32F2xx_Peripheral_Drivers.a(platform_uart.o)
                0x00000000080012e0                platform_uart_irq
 .text.platform_uart_tx_dma_irq
                0x0000000008001320       0xc8 build/waf_bootloader-NoOS-NoNS-MXCHIP3162-SDIO/libraries/STM32F2xx_Peripheral_Drivers.a(platform_uart.o)
                0x0000000008001320                platform_uart_tx_dma_irq
 .text.platform_uart_rx_dma_irq
                0x00000000080013e8       0xc8 build/waf_bootloader-NoOS-NoNS-MXCHIP3162-SDIO/libraries/STM32F2xx_Peripheral_Drivers.a(platform_uart.o)
                0x00000000080013e8                platform_uart_rx_dma_irq
 .text.platform_watchdog_init
                0x00000000080014b0       0x9c build/waf_bootloader-NoOS-NoNS-MXCHIP3162-SDIO/libraries/STM32F2xx_Peripheral_Drivers.a(platform_watchdog.o)
                0x00000000080014b0                platform_watchdog_init
 .text.platform_watchdog_kick
                0x000000000800154c       0x54 build/waf_bootloader-NoOS-NoNS-MXCHIP3162-SDIO/libraries/STM32F2xx_Peripheral_Drivers.a(platform_watchdog.o)
                0x000000000800154c                platform_watchdog_kick
 .text.ring_buffer_used_space
                0x00000000080015a0       0x14 build/waf_bootloader-NoOS-NoNS-MXCHIP3162-SDIO/libraries/Ring_Buffer.a(ring_buffer.o)
                0x00000000080015a0                ring_buffer_used_space
 .text.NVIC_PriorityGroupConfig
                0x00000000080015b4       0x14 build/waf_bootloader-NoOS-NoNS-MXCHIP3162-SDIO/libraries/STM32F2xx_Peripheral_Libraries.a(misc.o)
                0x00000000080015b4                NVIC_PriorityGroupConfig
 .text.SysTick_CLKSourceConfig
                0x00000000080015c8       0x18 build/waf_bootloader-NoOS-NoNS-MXCHIP3162-SDIO/libraries/STM32F2xx_Peripheral_Libraries.a(misc.o)
                0x00000000080015c8                SysTick_CLKSourceConfig
 .text.FLASH_SetLatency
                0x00000000080015e0        0xc build/waf_bootloader-NoOS-NoNS-MXCHIP3162-SDIO/libraries/STM32F2xx_Peripheral_Libraries.a(stm32f2xx_flash.o)
                0x00000000080015e0                FLASH_SetLatency
 .text.FLASH_PrefetchBufferCmd
                0x00000000080015ec       0x1c build/waf_bootloader-NoOS-NoNS-MXCHIP3162-SDIO/libraries/STM32F2xx_Peripheral_Libraries.a(stm32f2xx_flash.o)
                0x00000000080015ec                FLASH_PrefetchBufferCmd
 .text.FLASH_Unlock
                0x0000000008001608       0x20 build/waf_bootloader-NoOS-NoNS-MXCHIP3162-SDIO/libraries/STM32F2xx_Peripheral_Libraries.a(stm32f2xx_flash.o)
                0x0000000008001608                FLASH_Unlock
 .text.FLASH_Lock
                0x0000000008001628       0x10 build/waf_bootloader-NoOS-NoNS-MXCHIP3162-SDIO/libraries/STM32F2xx_Peripheral_Libraries.a(stm32f2xx_flash.o)
                0x0000000008001628                FLASH_Lock
 .text.FLASH_EraseSector
                0x0000000008001638      0x184 build/waf_bootloader-NoOS-NoNS-MXCHIP3162-SDIO/libraries/STM32F2xx_Peripheral_Libraries.a(stm32f2xx_flash.o)
                0x0000000008001638                FLASH_EraseSector
 .text.FLASH_ProgramWord
                0x00000000080017bc      0x158 build/waf_bootloader-NoOS-NoNS-MXCHIP3162-SDIO/libraries/STM32F2xx_Peripheral_Libraries.a(stm32f2xx_flash.o)
                0x00000000080017bc                FLASH_ProgramWord
 .text.FLASH_ProgramByte
                0x0000000008001914      0x154 build/waf_bootloader-NoOS-NoNS-MXCHIP3162-SDIO/libraries/STM32F2xx_Peripheral_Libraries.a(stm32f2xx_flash.o)
                0x0000000008001914                FLASH_ProgramByte
 .text.FLASH_ClearFlag
                0x0000000008001a68        0xc build/waf_bootloader-NoOS-NoNS-MXCHIP3162-SDIO/libraries/STM32F2xx_Peripheral_Libraries.a(stm32f2xx_flash.o)
                0x0000000008001a68                FLASH_ClearFlag
 .text.GPIO_Init
                0x0000000008001a74       0xa8 build/waf_bootloader-NoOS-NoNS-MXCHIP3162-SDIO/libraries/STM32F2xx_Peripheral_Libraries.a(stm32f2xx_gpio.o)
                0x0000000008001a74                GPIO_Init
 .text.IWDG_WriteAccessCmd
                0x0000000008001b1c        0xc build/waf_bootloader-NoOS-NoNS-MXCHIP3162-SDIO/libraries/STM32F2xx_Peripheral_Libraries.a(stm32f2xx_iwdg.o)
                0x0000000008001b1c                IWDG_WriteAccessCmd
 .text.IWDG_SetPrescaler
                0x0000000008001b28        0xc build/waf_bootloader-NoOS-NoNS-MXCHIP3162-SDIO/libraries/STM32F2xx_Peripheral_Libraries.a(stm32f2xx_iwdg.o)
                0x0000000008001b28                IWDG_SetPrescaler
 .text.IWDG_SetReload
                0x0000000008001b34        0xc build/waf_bootloader-NoOS-NoNS-MXCHIP3162-SDIO/libraries/STM32F2xx_Peripheral_Libraries.a(stm32f2xx_iwdg.o)
                0x0000000008001b34                IWDG_SetReload
 .text.IWDG_ReloadCounter
                0x0000000008001b40       0x10 build/waf_bootloader-NoOS-NoNS-MXCHIP3162-SDIO/libraries/STM32F2xx_Peripheral_Libraries.a(stm32f2xx_iwdg.o)
                0x0000000008001b40                IWDG_ReloadCounter
 .text.IWDG_Enable
                0x0000000008001b50       0x10 build/waf_bootloader-NoOS-NoNS-MXCHIP3162-SDIO/libraries/STM32F2xx_Peripheral_Libraries.a(stm32f2xx_iwdg.o)
                0x0000000008001b50                IWDG_Enable
 .text.RCC_HSEConfig
                0x0000000008001b60       0x10 build/waf_bootloader-NoOS-NoNS-MXCHIP3162-SDIO/libraries/STM32F2xx_Peripheral_Libraries.a(stm32f2xx_rcc.o)
                0x0000000008001b60                RCC_HSEConfig
 .text.RCC_WaitForHSEStartUp
                0x0000000008001b70       0x34 build/waf_bootloader-NoOS-NoNS-MXCHIP3162-SDIO/libraries/STM32F2xx_Peripheral_Libraries.a(stm32f2xx_rcc.o)
                0x0000000008001b70                RCC_WaitForHSEStartUp
 .text.RCC_PLLConfig
                0x0000000008001ba4       0x24 build/waf_bootloader-NoOS-NoNS-MXCHIP3162-SDIO/libraries/STM32F2xx_Peripheral_Libraries.a(stm32f2xx_rcc.o)
                0x0000000008001ba4                RCC_PLLConfig
 .text.RCC_PLLCmd
                0x0000000008001bc8        0xc build/waf_bootloader-NoOS-NoNS-MXCHIP3162-SDIO/libraries/STM32F2xx_Peripheral_Libraries.a(stm32f2xx_rcc.o)
                0x0000000008001bc8                RCC_PLLCmd
 .text.RCC_SYSCLKConfig
                0x0000000008001bd4       0x14 build/waf_bootloader-NoOS-NoNS-MXCHIP3162-SDIO/libraries/STM32F2xx_Peripheral_Libraries.a(stm32f2xx_rcc.o)
                0x0000000008001bd4                RCC_SYSCLKConfig
 .text.RCC_GetSYSCLKSource
                0x0000000008001be8       0x10 build/waf_bootloader-NoOS-NoNS-MXCHIP3162-SDIO/libraries/STM32F2xx_Peripheral_Libraries.a(stm32f2xx_rcc.o)
                0x0000000008001be8                RCC_GetSYSCLKSource
 .text.RCC_HCLKConfig
                0x0000000008001bf8       0x14 build/waf_bootloader-NoOS-NoNS-MXCHIP3162-SDIO/libraries/STM32F2xx_Peripheral_Libraries.a(stm32f2xx_rcc.o)
                0x0000000008001bf8                RCC_HCLKConfig
 .text.RCC_PCLK1Config
                0x0000000008001c0c       0x14 build/waf_bootloader-NoOS-NoNS-MXCHIP3162-SDIO/libraries/STM32F2xx_Peripheral_Libraries.a(stm32f2xx_rcc.o)
                0x0000000008001c0c                RCC_PCLK1Config
 .text.RCC_PCLK2Config
                0x0000000008001c20       0x14 build/waf_bootloader-NoOS-NoNS-MXCHIP3162-SDIO/libraries/STM32F2xx_Peripheral_Libraries.a(stm32f2xx_rcc.o)
                0x0000000008001c20                RCC_PCLK2Config
 .text.RCC_APB1PeriphClockCmd
                0x0000000008001c34       0x18 build/waf_bootloader-NoOS-NoNS-MXCHIP3162-SDIO/libraries/STM32F2xx_Peripheral_Libraries.a(stm32f2xx_rcc.o)
                0x0000000008001c34                RCC_APB1PeriphClockCmd
 .text.RCC_APB2PeriphClockCmd
                0x0000000008001c4c       0x18 build/waf_bootloader-NoOS-NoNS-MXCHIP3162-SDIO/libraries/STM32F2xx_Peripheral_Libraries.a(stm32f2xx_rcc.o)
                0x0000000008001c4c                RCC_APB2PeriphClockCmd
 .text.RCC_APB1PeriphResetCmd
                0x0000000008001c64       0x18 build/waf_bootloader-NoOS-NoNS-MXCHIP3162-SDIO/libraries/STM32F2xx_Peripheral_Libraries.a(stm32f2xx_rcc.o)
                0x0000000008001c64                RCC_APB1PeriphResetCmd
 .text.RCC_GetFlagStatus
                0x0000000008001c7c       0x34 build/waf_bootloader-NoOS-NoNS-MXCHIP3162-SDIO/libraries/STM32F2xx_Peripheral_Libraries.a(stm32f2xx_rcc.o)
                0x0000000008001c7c                RCC_GetFlagStatus
 .text.TIM_TimeBaseInit
                0x0000000008001cb0       0x98 build/waf_bootloader-NoOS-NoNS-MXCHIP3162-SDIO/libraries/STM32F2xx_Peripheral_Libraries.a(stm32f2xx_tim.o)
                0x0000000008001cb0                TIM_TimeBaseInit
 .text.TIM_UpdateRequestConfig
                0x0000000008001d48       0x1c build/waf_bootloader-NoOS-NoNS-MXCHIP3162-SDIO/libraries/STM32F2xx_Peripheral_Libraries.a(stm32f2xx_tim.o)
                0x0000000008001d48                TIM_UpdateRequestConfig
 .text.TIM_Cmd  0x0000000008001d64       0x1c build/waf_bootloader-NoOS-NoNS-MXCHIP3162-SDIO/libraries/STM32F2xx_Peripheral_Libraries.a(stm32f2xx_tim.o)
                0x0000000008001d64                TIM_Cmd
 .text.TIM_ITConfig
                0x0000000008001d80       0x14 build/waf_bootloader-NoOS-NoNS-MXCHIP3162-SDIO/libraries/STM32F2xx_Peripheral_Libraries.a(stm32f2xx_tim.o)
                0x0000000008001d80                TIM_ITConfig
 .text.TIM_ClearITPendingBit
                0x0000000008001d94        0x8 build/waf_bootloader-NoOS-NoNS-MXCHIP3162-SDIO/libraries/STM32F2xx_Peripheral_Libraries.a(stm32f2xx_tim.o)
                0x0000000008001d94                TIM_ClearITPendingBit
 .text.host_rtos_set_semaphore
                0x0000000008001d9c       0x10 build/waf_bootloader-NoOS-NoNS-MXCHIP3162-SDIO/libraries/WWD_NoOS_Interface.a(wwd_rtos.o)
                0x0000000008001d9c                host_rtos_set_semaphore
 .text.memcmp   0x0000000008001dac       0x64 /home/wouters/GIT/willemwouters/EMW3162_WICED/WICED_SRC/tools/ARM_GNU/bin/Linux64/../../lib/thumb/v7m/libc.a(lib_a-memcmp.o)
                0x0000000008001dac                memcmp
 .text.memcpy   0x0000000008001e10      0x120 /home/wouters/GIT/willemwouters/EMW3162_WICED/WICED_SRC/tools/ARM_GNU/bin/Linux64/../../lib/thumb/v7m/libc.a(lib_a-memcpy-stub.o)
                0x0000000008001e10                memcpy
 .text.memset   0x0000000008001f30       0xa0 /home/wouters/GIT/willemwouters/EMW3162_WICED/WICED_SRC/tools/ARM_GNU/bin/Linux64/../../lib/thumb/v7m/libc.a(lib_a-memset.o)
                0x0000000008001f30                memset
                0x0000000008001fd0                link_code_end = .
                0x0000000008001fd0                . = ALIGN (0x4)
                0x0000000008001fd0                link_const_variable_data_location = .
 *(.rodata .rodata.* .gnu.linkonce.r.*)
 .rodata.DCT_section_offsets
                0x0000000008001fd0       0x14 build/waf_bootloader-NoOS-NoNS-MXCHIP3162-SDIO/Modules/./WICED/platform/MCU/STM32F2xx/WAF/waf_platform.o
                0x0000000008001fd0                DCT_section_offsets
 .rodata.platform_gpio_pins
                0x0000000008001fe4       0x88 build/waf_bootloader-NoOS-NoNS-MXCHIP3162-SDIO/libraries/Platform_MXCHIP3162.a(platform.o)
                0x0000000008001fe4                platform_gpio_pins
 .rodata.gpio_peripheral_clocks
                0x000000000800206c       0x20 build/waf_bootloader-NoOS-NoNS-MXCHIP3162-SDIO/libraries/STM32F2xx_Peripheral_Drivers.a(platform_gpio.o)
                0x000000000800208c                link_const_variable_data_end = .
                0x000000000800208c                . = ALIGN (0x4)
                0x000000000800208c                link_constructors_location = .
 *(.preinit_array)
 *(.init_array)
 *crtbegin.o(.ctors)
 *(EXCLUDE_FILE(*crtend.o) .ctors)
 *(SORT(.ctors.*))
 *crtend.o(.ctors)
                0x000000000800208c                link_constructors_end = .
                0x000000000800208c                . = ALIGN (0x4)
                0x000000000800208c                link_destructors_location = .
 *crtbegin.o(.dtors)
 *(EXCLUDE_FILE(*crtend.o) .dtors)
 *(SORT(.dtors.*))
 *crtend.o(.dtors)
                0x000000000800208c                link_destructors_end = .
                0x0000000008002090                . = ALIGN (0x10)
 *fill*         0x000000000800208c        0x4 

.iplt           0x0000000008002090        0x0
 .iplt          0x0000000000000000        0x0 build/waf_bootloader-NoOS-NoNS-MXCHIP3162-SDIO/Modules/./WICED/platform/MCU/STM32F2xx/../../ARM_CM3/crt0_GCC.o

.rel.dyn        0x0000000008002090        0x0
 .rel.iplt      0x0000000000000000        0x0 build/waf_bootloader-NoOS-NoNS-MXCHIP3162-SDIO/Modules/./WICED/platform/MCU/STM32F2xx/../../ARM_CM3/crt0_GCC.o

.ARM.exidx      0x0000000008002090        0x0
                0x0000000008002090                __exidx_start = ALIGN (0x4)
 *(.ARM.exidx* .gnu.linkonce.armexidx.*)
                0x0000000008002090                __exidx_end = .

.ARM.extab      0x0000000008002090        0x0
                0x0000000008002090                __extab_start = ALIGN (0x4)
 *(.ARM.extab*)
                0x0000000008002090                __extab_end = .

.fast           0x0000000020000000        0x0 load address 0x0000000008002090
                0x0000000008002090                link_run_from_ram_code_flash_location = LOADADDR (.fast)
                0x0000000020000000                link_run_from_ram_code_ram_location = .
 *(.fast .fast.* .text.fastcode)
                0x0000000020000000                link_run_from_ram_code_ram_end = .

.data           0x0000000020000000        0x0 load address 0x0000000008002090
                0x0000000008002090                link_global_data_initial_values = LOADADDR (.data)
                0x0000000020000000                link_global_data_start = .
 *(.data*)
                0x0000000020000000                link_global_data_end = .
                0x0000000020000000                . = ALIGN (., 0x4)

.igot.plt       0x0000000020000000        0x0 load address 0x0000000008002090
 .igot.plt      0x0000000000000000        0x0 build/waf_bootloader-NoOS-NoNS-MXCHIP3162-SDIO/Modules/./WICED/platform/MCU/STM32F2xx/../../ARM_CM3/crt0_GCC.o

.startup_globals
                0x0000000020000000        0x4
                0x0000000020000000                startup_globals_location = ALIGN (., 0x4)
 *(.bss.noos_total_time)
 .bss.noos_total_time
                0x0000000020000000        0x4 build/waf_bootloader-NoOS-NoNS-MXCHIP3162-SDIO/libraries/WWD_NoOS_Interface.a(noos.o)
                0x0000000020000000                noos_total_time
                0x0000000020000004                startup_globals_end = .

.bss.platform_uart_drivers
                0x0000000020000004       0x30
 .bss.platform_uart_drivers
                0x0000000020000004       0x30 build/waf_bootloader-NoOS-NoNS-MXCHIP3162-SDIO/libraries/Platform_MXCHIP3162.a(platform.o)
                0x0000000020000004                platform_uart_drivers

.bss.gpio_irq_data
                0x0000000020000034       0xc0
 .bss.gpio_irq_data
                0x0000000020000034       0xc0 build/waf_bootloader-NoOS-NoNS-MXCHIP3162-SDIO/libraries/STM32F2xx_Peripheral_Drivers.a(platform_gpio.o)

.stack          0x00000000200000f4      0xfa0
                0x00000000200000f4                link_stack_location = ALIGN (., 0x4)
 *(.stack)
                0x0000000020001094                . = ALIGN (MAX ((link_stack_location + __STACKSIZE__), .), 0x4)
 *fill*         0x00000000200000f4      0xfa0 
                0x0000000020001094                link_stack_end = .

/DISCARD/
 *(COMMON)
 *(.ARM.attributes*)
 *(.comment)
 *(.init)
 *(.preinit)
 *(.fini)
 *(.fini_array)
 *(.ARM.exidx*)
 *(.gnu.linkonce.armexidx.*)
 *(.eh_frame_hdr)
 *(.eh_frame)
 *(.gnu.linkonce.armextab.*)
 *(.v4_bx)
 *(.vfp11_veneer)
 *(.gcc_except_table)
 *(.eh_frame_hdr)
 *(.eh_frame)
 *(.glue*)
                0x0000000020001094                PROVIDE (_heap, link_stack_end)
                0x000000002001fff8                PROVIDE (_eheap, ALIGN (((ORIGIN (SRAM) + 0x20000) - 0x8), 0x8))
                0x0000000008004000                PROVIDE (dct1_start_addr_loc, ORIGIN (DCT1_FLASH))
                0x0000000000004000                PROVIDE (dct1_size_loc, 0x4000)
                0x0000000008008000                PROVIDE (dct2_start_addr_loc, ORIGIN (DCT2_FLASH))
                0x0000000000004000                PROVIDE (dct2_size_loc, 0x4000)
                0x000000000800c000                PROVIDE (app_code_start_addr_loc, ORIGIN (APP_CODE))
                0x0000000020000000                PROVIDE (sram_start_addr_loc, ORIGIN (SRAM))
                0x0000000000020000                PROVIDE (sram_size_loc, 0x20000)
                0x0000000020001094                PROVIDE (__RAM_segment_used_end__, link_stack_end)
                0x0000000020001094                PROVIDE (__tx_free_memory_start, link_stack_end)
                0x0000000008000000                PROVIDE (__tx_vectors, link_interrupt_vectors_location)
                0x0000000008000200                PROVIDE (shared_api_addr_loc, ORIGIN (SHARED_API))
                0x0000000000000000                PROVIDE (link_bss_location, 0x0)
                0x0000000000000000                PROVIDE (link_bss_end, 0x0)
START GROUP
LOAD build/waf_bootloader-NoOS-NoNS-MXCHIP3162-SDIO/Modules/./WICED/platform/MCU/STM32F2xx/../../ARM_CM3/crt0_GCC.o
LOAD build/waf_bootloader-NoOS-NoNS-MXCHIP3162-SDIO/Modules/./WICED/platform/MCU/STM32F2xx/../../ARM_CM3/hardfault_handler.o
LOAD build/waf_bootloader-NoOS-NoNS-MXCHIP3162-SDIO/Modules/./WICED/platform/MCU/STM32F2xx/platform_vector_table.o
LOAD build/waf_bootloader-NoOS-NoNS-MXCHIP3162-SDIO/Modules/./WICED/platform/MCU/STM32F2xx/WAF/waf_platform.o
LOAD build/waf_bootloader-NoOS-NoNS-MXCHIP3162-SDIO/Modules/WICED/platform/GCC/mem_newlib.o
LOAD build/waf_bootloader-NoOS-NoNS-MXCHIP3162-SDIO/Modules/WICED/platform/GCC/stdio_newlib.o
LOAD build/waf_bootloader-NoOS-NoNS-MXCHIP3162-SDIO/libraries/resources.a
LOAD build/waf_bootloader-NoOS-NoNS-MXCHIP3162-SDIO/libraries/App_WICED_Bootloader_MXCHIP3162.a
LOAD build/waf_bootloader-NoOS-NoNS-MXCHIP3162-SDIO/libraries/Platform_MXCHIP3162.a
LOAD build/waf_bootloader-NoOS-NoNS-MXCHIP3162-SDIO/libraries/Lib_Wiced_RO_FS.a
LOAD build/waf_bootloader-NoOS-NoNS-MXCHIP3162-SDIO/libraries/WWD_NoOS_Interface.a
LOAD build/waf_bootloader-NoOS-NoNS-MXCHIP3162-SDIO/libraries/WWD_NoNS_Interface.a
LOAD build/waf_bootloader-NoOS-NoNS-MXCHIP3162-SDIO/libraries/SPI_Flash_Library_MXCHIP3162.a
LOAD build/waf_bootloader-NoOS-NoNS-MXCHIP3162-SDIO/libraries/WWD_for_SDIO_NoOS.a
LOAD build/waf_bootloader-NoOS-NoNS-MXCHIP3162-SDIO/libraries/STM32F2xx.a
LOAD build/waf_bootloader-NoOS-NoNS-MXCHIP3162-SDIO/libraries/common_GCC.a
LOAD build/waf_bootloader-NoOS-NoNS-MXCHIP3162-SDIO/libraries/STM32F2xx_Peripheral_Drivers.a
LOAD build/waf_bootloader-NoOS-NoNS-MXCHIP3162-SDIO/libraries/Ring_Buffer.a
LOAD build/waf_bootloader-NoOS-NoNS-MXCHIP3162-SDIO/libraries/STM32F2xx_Peripheral_Libraries.a
END GROUP
LOAD /home/wouters/GIT/willemwouters/EMW3162_WICED/WICED_SRC/tools/ARM_GNU/bin/Linux64/../../lib/thumb/v7m/libstdc++.a
LOAD /home/wouters/GIT/willemwouters/EMW3162_WICED/WICED_SRC/tools/ARM_GNU/bin/Linux64/../../lib/thumb/v7m/libm.a
START GROUP
LOAD /home/wouters/GIT/willemwouters/EMW3162_WICED/WICED_SRC/tools/ARM_GNU/bin/Linux64/../../lib/thumb/v7m/libgcc.a
LOAD /home/wouters/GIT/willemwouters/EMW3162_WICED/WICED_SRC/tools/ARM_GNU/bin/Linux64/../../lib/thumb/v7m/libc.a
END GROUP
OUTPUT(build/waf_bootloader-NoOS-NoNS-MXCHIP3162-SDIO/binary/waf_bootloader-NoOS-NoNS-MXCHIP3162-SDIO.elf elf32-littlearm)

.debug_info     0x0000000000000000    0x120a8
 .debug_info    0x0000000000000000      0x553 build/waf_bootloader-NoOS-NoNS-MXCHIP3162-SDIO/Modules/./WICED/platform/MCU/STM32F2xx/../../ARM_CM3/crt0_GCC.o
 .debug_info    0x0000000000000553       0xeb build/waf_bootloader-NoOS-NoNS-MXCHIP3162-SDIO/Modules/./WICED/platform/MCU/STM32F2xx/../../ARM_CM3/hardfault_handler.o
 .debug_info    0x000000000000063e       0xc0 build/waf_bootloader-NoOS-NoNS-MXCHIP3162-SDIO/Modules/./WICED/platform/MCU/STM32F2xx/platform_vector_table.o
 .debug_info    0x00000000000006fe     0x3018 build/waf_bootloader-NoOS-NoNS-MXCHIP3162-SDIO/Modules/./WICED/platform/MCU/STM32F2xx/WAF/waf_platform.o
 .debug_info    0x0000000000003716      0xe97 build/waf_bootloader-NoOS-NoNS-MXCHIP3162-SDIO/libraries/App_WICED_Bootloader_MXCHIP3162.a(bootloader.o)
 .debug_info    0x00000000000045ad     0x187e build/waf_bootloader-NoOS-NoNS-MXCHIP3162-SDIO/libraries/Platform_MXCHIP3162.a(platform.o)
 .debug_info    0x0000000000005e2b      0x755 build/waf_bootloader-NoOS-NoNS-MXCHIP3162-SDIO/libraries/WWD_NoOS_Interface.a(noos.o)
 .debug_info    0x0000000000006580      0xca9 build/waf_bootloader-NoOS-NoNS-MXCHIP3162-SDIO/libraries/STM32F2xx.a(platform_init.o)
 .debug_info    0x0000000000007229      0x25a build/waf_bootloader-NoOS-NoNS-MXCHIP3162-SDIO/libraries/STM32F2xx.a(platform_unhandled_isr.o)
 .debug_info    0x0000000000007483     0x1253 build/waf_bootloader-NoOS-NoNS-MXCHIP3162-SDIO/libraries/STM32F2xx_Peripheral_Drivers.a(platform_gpio.o)
 .debug_info    0x00000000000086d6      0x1f7 build/waf_bootloader-NoOS-NoNS-MXCHIP3162-SDIO/libraries/STM32F2xx_Peripheral_Drivers.a(platform_mcu_powersave.o)
 .debug_info    0x00000000000088cd     0x25dd build/waf_bootloader-NoOS-NoNS-MXCHIP3162-SDIO/libraries/STM32F2xx_Peripheral_Drivers.a(platform_uart.o)
 .debug_info    0x000000000000aeaa      0xca1 build/waf_bootloader-NoOS-NoNS-MXCHIP3162-SDIO/libraries/STM32F2xx_Peripheral_Drivers.a(platform_watchdog.o)
 .debug_info    0x000000000000bb4b      0xba2 build/waf_bootloader-NoOS-NoNS-MXCHIP3162-SDIO/libraries/Ring_Buffer.a(ring_buffer.o)
 .debug_info    0x000000000000c6ed      0x547 build/waf_bootloader-NoOS-NoNS-MXCHIP3162-SDIO/libraries/STM32F2xx_Peripheral_Libraries.a(misc.o)
 .debug_info    0x000000000000cc34      0xfbc build/waf_bootloader-NoOS-NoNS-MXCHIP3162-SDIO/libraries/STM32F2xx_Peripheral_Libraries.a(stm32f2xx_flash.o)
 .debug_info    0x000000000000dbf0      0x7ae build/waf_bootloader-NoOS-NoNS-MXCHIP3162-SDIO/libraries/STM32F2xx_Peripheral_Libraries.a(stm32f2xx_gpio.o)
 .debug_info    0x000000000000e39e      0x1e1 build/waf_bootloader-NoOS-NoNS-MXCHIP3162-SDIO/libraries/STM32F2xx_Peripheral_Libraries.a(stm32f2xx_iwdg.o)
 .debug_info    0x000000000000e57f      0xcd1 build/waf_bootloader-NoOS-NoNS-MXCHIP3162-SDIO/libraries/STM32F2xx_Peripheral_Libraries.a(stm32f2xx_rcc.o)
 .debug_info    0x000000000000f250     0x249b build/waf_bootloader-NoOS-NoNS-MXCHIP3162-SDIO/libraries/STM32F2xx_Peripheral_Libraries.a(stm32f2xx_tim.o)
 .debug_info    0x00000000000116eb      0x662 build/waf_bootloader-NoOS-NoNS-MXCHIP3162-SDIO/libraries/WWD_NoOS_Interface.a(wwd_rtos.o)
 .debug_info    0x0000000000011d4d      0x113 /home/wouters/GIT/willemwouters/EMW3162_WICED/WICED_SRC/tools/ARM_GNU/bin/Linux64/../../lib/thumb/v7m/libc.a(lib_a-memcmp.o)
 .debug_info    0x0000000000011e60      0x131 /home/wouters/GIT/willemwouters/EMW3162_WICED/WICED_SRC/tools/ARM_GNU/bin/Linux64/../../lib/thumb/v7m/libc.a(lib_a-memcpy-stub.o)
 .debug_info    0x0000000000011f91      0x117 /home/wouters/GIT/willemwouters/EMW3162_WICED/WICED_SRC/tools/ARM_GNU/bin/Linux64/../../lib/thumb/v7m/libc.a(lib_a-memset.o)

.debug_abbrev   0x0000000000000000     0x2ae9
 .debug_abbrev  0x0000000000000000      0x195 build/waf_bootloader-NoOS-NoNS-MXCHIP3162-SDIO/Modules/./WICED/platform/MCU/STM32F2xx/../../ARM_CM3/crt0_GCC.o
 .debug_abbrev  0x0000000000000195       0x90 build/waf_bootloader-NoOS-NoNS-MXCHIP3162-SDIO/Modules/./WICED/platform/MCU/STM32F2xx/../../ARM_CM3/hardfault_handler.o
 .debug_abbrev  0x0000000000000225       0x86 build/waf_bootloader-NoOS-NoNS-MXCHIP3162-SDIO/Modules/./WICED/platform/MCU/STM32F2xx/platform_vector_table.o
 .debug_abbrev  0x00000000000002ab      0x477 build/waf_bootloader-NoOS-NoNS-MXCHIP3162-SDIO/Modules/./WICED/platform/MCU/STM32F2xx/WAF/waf_platform.o
 .debug_abbrev  0x0000000000000722      0x1ff build/waf_bootloader-NoOS-NoNS-MXCHIP3162-SDIO/libraries/App_WICED_Bootloader_MXCHIP3162.a(bootloader.o)
 .debug_abbrev  0x0000000000000921      0x288 build/waf_bootloader-NoOS-NoNS-MXCHIP3162-SDIO/libraries/Platform_MXCHIP3162.a(platform.o)
 .debug_abbrev  0x0000000000000ba9      0x190 build/waf_bootloader-NoOS-NoNS-MXCHIP3162-SDIO/libraries/WWD_NoOS_Interface.a(noos.o)
 .debug_abbrev  0x0000000000000d39      0x24a build/waf_bootloader-NoOS-NoNS-MXCHIP3162-SDIO/libraries/STM32F2xx.a(platform_init.o)
 .debug_abbrev  0x0000000000000f83       0xc7 build/waf_bootloader-NoOS-NoNS-MXCHIP3162-SDIO/libraries/STM32F2xx.a(platform_unhandled_isr.o)
 .debug_abbrev  0x000000000000104a      0x366 build/waf_bootloader-NoOS-NoNS-MXCHIP3162-SDIO/libraries/STM32F2xx_Peripheral_Drivers.a(platform_gpio.o)
 .debug_abbrev  0x00000000000013b0      0x112 build/waf_bootloader-NoOS-NoNS-MXCHIP3162-SDIO/libraries/STM32F2xx_Peripheral_Drivers.a(platform_mcu_powersave.o)
 .debug_abbrev  0x00000000000014c2      0x386 build/waf_bootloader-NoOS-NoNS-MXCHIP3162-SDIO/libraries/STM32F2xx_Peripheral_Drivers.a(platform_uart.o)
 .debug_abbrev  0x0000000000001848      0x247 build/waf_bootloader-NoOS-NoNS-MXCHIP3162-SDIO/libraries/STM32F2xx_Peripheral_Drivers.a(platform_watchdog.o)
 .debug_abbrev  0x0000000000001a8f      0x1a2 build/waf_bootloader-NoOS-NoNS-MXCHIP3162-SDIO/libraries/Ring_Buffer.a(ring_buffer.o)
 .debug_abbrev  0x0000000000001c31      0x16e build/waf_bootloader-NoOS-NoNS-MXCHIP3162-SDIO/libraries/STM32F2xx_Peripheral_Libraries.a(misc.o)
 .debug_abbrev  0x0000000000001d9f      0x215 build/waf_bootloader-NoOS-NoNS-MXCHIP3162-SDIO/libraries/STM32F2xx_Peripheral_Libraries.a(stm32f2xx_flash.o)
 .debug_abbrev  0x0000000000001fb4      0x1f8 build/waf_bootloader-NoOS-NoNS-MXCHIP3162-SDIO/libraries/STM32F2xx_Peripheral_Libraries.a(stm32f2xx_gpio.o)
 .debug_abbrev  0x00000000000021ac      0x112 build/waf_bootloader-NoOS-NoNS-MXCHIP3162-SDIO/libraries/STM32F2xx_Peripheral_Libraries.a(stm32f2xx_iwdg.o)
 .debug_abbrev  0x00000000000022be      0x289 build/waf_bootloader-NoOS-NoNS-MXCHIP3162-SDIO/libraries/STM32F2xx_Peripheral_Libraries.a(stm32f2xx_rcc.o)
 .debug_abbrev  0x0000000000002547      0x2a0 build/waf_bootloader-NoOS-NoNS-MXCHIP3162-SDIO/libraries/STM32F2xx_Peripheral_Libraries.a(stm32f2xx_tim.o)
 .debug_abbrev  0x00000000000027e7      0x139 build/waf_bootloader-NoOS-NoNS-MXCHIP3162-SDIO/libraries/WWD_NoOS_Interface.a(wwd_rtos.o)
 .debug_abbrev  0x0000000000002920       0x7f /home/wouters/GIT/willemwouters/EMW3162_WICED/WICED_SRC/tools/ARM_GNU/bin/Linux64/../../lib/thumb/v7m/libc.a(lib_a-memcmp.o)
 .debug_abbrev  0x000000000000299f       0xab /home/wouters/GIT/willemwouters/EMW3162_WICED/WICED_SRC/tools/ARM_GNU/bin/Linux64/../../lib/thumb/v7m/libc.a(lib_a-memcpy-stub.o)
 .debug_abbrev  0x0000000000002a4a       0x9f /home/wouters/GIT/willemwouters/EMW3162_WICED/WICED_SRC/tools/ARM_GNU/bin/Linux64/../../lib/thumb/v7m/libc.a(lib_a-memset.o)

.debug_loc      0x0000000000000000     0x7d77
 .debug_loc     0x0000000000000000       0x14 build/waf_bootloader-NoOS-NoNS-MXCHIP3162-SDIO/Modules/./WICED/platform/MCU/STM32F2xx/../../ARM_CM3/crt0_GCC.o
 .debug_loc     0x0000000000000014     0x174f build/waf_bootloader-NoOS-NoNS-MXCHIP3162-SDIO/Modules/./WICED/platform/MCU/STM32F2xx/WAF/waf_platform.o
 .debug_loc     0x0000000000001763       0x96 build/waf_bootloader-NoOS-NoNS-MXCHIP3162-SDIO/libraries/App_WICED_Bootloader_MXCHIP3162.a(bootloader.o)
 .debug_loc     0x00000000000017f9       0x6c build/waf_bootloader-NoOS-NoNS-MXCHIP3162-SDIO/libraries/Platform_MXCHIP3162.a(platform.o)
 .debug_loc     0x0000000000001865       0x32 build/waf_bootloader-NoOS-NoNS-MXCHIP3162-SDIO/libraries/STM32F2xx.a(platform_init.o)
 .debug_loc     0x0000000000001897      0x86f build/waf_bootloader-NoOS-NoNS-MXCHIP3162-SDIO/libraries/STM32F2xx_Peripheral_Drivers.a(platform_gpio.o)
 .debug_loc     0x0000000000002106       0x21 build/waf_bootloader-NoOS-NoNS-MXCHIP3162-SDIO/libraries/STM32F2xx_Peripheral_Drivers.a(platform_mcu_powersave.o)
 .debug_loc     0x0000000000002127      0xfbe build/waf_bootloader-NoOS-NoNS-MXCHIP3162-SDIO/libraries/STM32F2xx_Peripheral_Drivers.a(platform_uart.o)
 .debug_loc     0x00000000000030e5       0x15 build/waf_bootloader-NoOS-NoNS-MXCHIP3162-SDIO/libraries/STM32F2xx_Peripheral_Drivers.a(platform_watchdog.o)
 .debug_loc     0x00000000000030fa      0x332 build/waf_bootloader-NoOS-NoNS-MXCHIP3162-SDIO/libraries/Ring_Buffer.a(ring_buffer.o)
 .debug_loc     0x000000000000342c      0x153 build/waf_bootloader-NoOS-NoNS-MXCHIP3162-SDIO/libraries/STM32F2xx_Peripheral_Libraries.a(misc.o)
 .debug_loc     0x000000000000357f     0x1163 build/waf_bootloader-NoOS-NoNS-MXCHIP3162-SDIO/libraries/STM32F2xx_Peripheral_Libraries.a(stm32f2xx_flash.o)
 .debug_loc     0x00000000000046e2      0x386 build/waf_bootloader-NoOS-NoNS-MXCHIP3162-SDIO/libraries/STM32F2xx_Peripheral_Libraries.a(stm32f2xx_gpio.o)
 .debug_loc     0x0000000000004a68       0x62 build/waf_bootloader-NoOS-NoNS-MXCHIP3162-SDIO/libraries/STM32F2xx_Peripheral_Libraries.a(stm32f2xx_iwdg.o)
 .debug_loc     0x0000000000004aca      0xbcb build/waf_bootloader-NoOS-NoNS-MXCHIP3162-SDIO/libraries/STM32F2xx_Peripheral_Libraries.a(stm32f2xx_rcc.o)
 .debug_loc     0x0000000000005695     0x1ede build/waf_bootloader-NoOS-NoNS-MXCHIP3162-SDIO/libraries/STM32F2xx_Peripheral_Libraries.a(stm32f2xx_tim.o)
 .debug_loc     0x0000000000007573      0x197 build/waf_bootloader-NoOS-NoNS-MXCHIP3162-SDIO/libraries/WWD_NoOS_Interface.a(wwd_rtos.o)
 .debug_loc     0x000000000000770a      0x14e /home/wouters/GIT/willemwouters/EMW3162_WICED/WICED_SRC/tools/ARM_GNU/bin/Linux64/../../lib/thumb/v7m/libc.a(lib_a-memcmp.o)
 .debug_loc     0x0000000000007858      0x318 /home/wouters/GIT/willemwouters/EMW3162_WICED/WICED_SRC/tools/ARM_GNU/bin/Linux64/../../lib/thumb/v7m/libc.a(lib_a-memcpy-stub.o)
 .debug_loc     0x0000000000007b70      0x207 /home/wouters/GIT/willemwouters/EMW3162_WICED/WICED_SRC/tools/ARM_GNU/bin/Linux64/../../lib/thumb/v7m/libc.a(lib_a-memset.o)

.debug_aranges  0x0000000000000000      0xaf0
 .debug_aranges
                0x0000000000000000       0x28 build/waf_bootloader-NoOS-NoNS-MXCHIP3162-SDIO/Modules/./WICED/platform/MCU/STM32F2xx/../../ARM_CM3/crt0_GCC.o
 .debug_aranges
                0x0000000000000028       0x28 build/waf_bootloader-NoOS-NoNS-MXCHIP3162-SDIO/Modules/./WICED/platform/MCU/STM32F2xx/../../ARM_CM3/hardfault_handler.o
 .debug_aranges
                0x0000000000000050       0x18 build/waf_bootloader-NoOS-NoNS-MXCHIP3162-SDIO/Modules/./WICED/platform/MCU/STM32F2xx/platform_vector_table.o
 .debug_aranges
                0x0000000000000068       0x98 build/waf_bootloader-NoOS-NoNS-MXCHIP3162-SDIO/Modules/./WICED/platform/MCU/STM32F2xx/WAF/waf_platform.o
 .debug_aranges
                0x0000000000000100       0x20 build/waf_bootloader-NoOS-NoNS-MXCHIP3162-SDIO/libraries/App_WICED_Bootloader_MXCHIP3162.a(bootloader.o)
 .debug_aranges
                0x0000000000000120       0x60 build/waf_bootloader-NoOS-NoNS-MXCHIP3162-SDIO/libraries/Platform_MXCHIP3162.a(platform.o)
 .debug_aranges
                0x0000000000000180       0x38 build/waf_bootloader-NoOS-NoNS-MXCHIP3162-SDIO/libraries/WWD_NoOS_Interface.a(noos.o)
 .debug_aranges
                0x00000000000001b8       0x40 build/waf_bootloader-NoOS-NoNS-MXCHIP3162-SDIO/libraries/STM32F2xx.a(platform_init.o)
 .debug_aranges
                0x00000000000001f8       0x20 build/waf_bootloader-NoOS-NoNS-MXCHIP3162-SDIO/libraries/STM32F2xx.a(platform_unhandled_isr.o)
 .debug_aranges
                0x0000000000000218       0x70 build/waf_bootloader-NoOS-NoNS-MXCHIP3162-SDIO/libraries/STM32F2xx_Peripheral_Drivers.a(platform_gpio.o)
 .debug_aranges
                0x0000000000000288       0x48 build/waf_bootloader-NoOS-NoNS-MXCHIP3162-SDIO/libraries/STM32F2xx_Peripheral_Drivers.a(platform_mcu_powersave.o)
 .debug_aranges
                0x00000000000002d0       0x60 build/waf_bootloader-NoOS-NoNS-MXCHIP3162-SDIO/libraries/STM32F2xx_Peripheral_Drivers.a(platform_uart.o)
 .debug_aranges
                0x0000000000000330       0x38 build/waf_bootloader-NoOS-NoNS-MXCHIP3162-SDIO/libraries/STM32F2xx_Peripheral_Drivers.a(platform_watchdog.o)
 .debug_aranges
                0x0000000000000368       0x58 build/waf_bootloader-NoOS-NoNS-MXCHIP3162-SDIO/libraries/Ring_Buffer.a(ring_buffer.o)
 .debug_aranges
                0x00000000000003c0       0x40 build/waf_bootloader-NoOS-NoNS-MXCHIP3162-SDIO/libraries/STM32F2xx_Peripheral_Libraries.a(misc.o)
 .debug_aranges
                0x0000000000000400      0x108 build/waf_bootloader-NoOS-NoNS-MXCHIP3162-SDIO/libraries/STM32F2xx_Peripheral_Libraries.a(stm32f2xx_flash.o)
 .debug_aranges
                0x0000000000000508       0x88 build/waf_bootloader-NoOS-NoNS-MXCHIP3162-SDIO/libraries/STM32F2xx_Peripheral_Libraries.a(stm32f2xx_gpio.o)
 .debug_aranges
                0x0000000000000590       0x48 build/waf_bootloader-NoOS-NoNS-MXCHIP3162-SDIO/libraries/STM32F2xx_Peripheral_Libraries.a(stm32f2xx_iwdg.o)
 .debug_aranges
                0x00000000000005d8      0x178 build/waf_bootloader-NoOS-NoNS-MXCHIP3162-SDIO/libraries/STM32F2xx_Peripheral_Libraries.a(stm32f2xx_rcc.o)
 .debug_aranges
                0x0000000000000750      0x2d8 build/waf_bootloader-NoOS-NoNS-MXCHIP3162-SDIO/libraries/STM32F2xx_Peripheral_Libraries.a(stm32f2xx_tim.o)
 .debug_aranges
                0x0000000000000a28       0x68 build/waf_bootloader-NoOS-NoNS-MXCHIP3162-SDIO/libraries/WWD_NoOS_Interface.a(wwd_rtos.o)
 .debug_aranges
                0x0000000000000a90       0x20 /home/wouters/GIT/willemwouters/EMW3162_WICED/WICED_SRC/tools/ARM_GNU/bin/Linux64/../../lib/thumb/v7m/libc.a(lib_a-memcmp.o)
 .debug_aranges
                0x0000000000000ab0       0x20 /home/wouters/GIT/willemwouters/EMW3162_WICED/WICED_SRC/tools/ARM_GNU/bin/Linux64/../../lib/thumb/v7m/libc.a(lib_a-memcpy-stub.o)
 .debug_aranges
                0x0000000000000ad0       0x20 /home/wouters/GIT/willemwouters/EMW3162_WICED/WICED_SRC/tools/ARM_GNU/bin/Linux64/../../lib/thumb/v7m/libc.a(lib_a-memset.o)

.debug_ranges   0x0000000000000000     0x1d10
 .debug_ranges  0x0000000000000000       0x18 build/waf_bootloader-NoOS-NoNS-MXCHIP3162-SDIO/Modules/./WICED/platform/MCU/STM32F2xx/../../ARM_CM3/crt0_GCC.o
 .debug_ranges  0x0000000000000018       0x18 build/waf_bootloader-NoOS-NoNS-MXCHIP3162-SDIO/Modules/./WICED/platform/MCU/STM32F2xx/../../ARM_CM3/hardfault_handler.o
 .debug_ranges  0x0000000000000030      0x5d0 build/waf_bootloader-NoOS-NoNS-MXCHIP3162-SDIO/Modules/./WICED/platform/MCU/STM32F2xx/WAF/waf_platform.o
 .debug_ranges  0x0000000000000600       0x10 build/waf_bootloader-NoOS-NoNS-MXCHIP3162-SDIO/libraries/App_WICED_Bootloader_MXCHIP3162.a(bootloader.o)
 .debug_ranges  0x0000000000000610       0xe8 build/waf_bootloader-NoOS-NoNS-MXCHIP3162-SDIO/libraries/Platform_MXCHIP3162.a(platform.o)
 .debug_ranges  0x00000000000006f8       0x58 build/waf_bootloader-NoOS-NoNS-MXCHIP3162-SDIO/libraries/WWD_NoOS_Interface.a(noos.o)
 .debug_ranges  0x0000000000000750       0x48 build/waf_bootloader-NoOS-NoNS-MXCHIP3162-SDIO/libraries/STM32F2xx.a(platform_init.o)
 .debug_ranges  0x0000000000000798       0x10 build/waf_bootloader-NoOS-NoNS-MXCHIP3162-SDIO/libraries/STM32F2xx.a(platform_unhandled_isr.o)
 .debug_ranges  0x00000000000007a8      0x100 build/waf_bootloader-NoOS-NoNS-MXCHIP3162-SDIO/libraries/STM32F2xx_Peripheral_Drivers.a(platform_gpio.o)
 .debug_ranges  0x00000000000008a8       0x38 build/waf_bootloader-NoOS-NoNS-MXCHIP3162-SDIO/libraries/STM32F2xx_Peripheral_Drivers.a(platform_mcu_powersave.o)
 .debug_ranges  0x00000000000008e0      0x4f0 build/waf_bootloader-NoOS-NoNS-MXCHIP3162-SDIO/libraries/STM32F2xx_Peripheral_Drivers.a(platform_uart.o)
 .debug_ranges  0x0000000000000dd0       0x28 build/waf_bootloader-NoOS-NoNS-MXCHIP3162-SDIO/libraries/STM32F2xx_Peripheral_Drivers.a(platform_watchdog.o)
 .debug_ranges  0x0000000000000df8       0x60 build/waf_bootloader-NoOS-NoNS-MXCHIP3162-SDIO/libraries/Ring_Buffer.a(ring_buffer.o)
 .debug_ranges  0x0000000000000e58       0x30 build/waf_bootloader-NoOS-NoNS-MXCHIP3162-SDIO/libraries/STM32F2xx_Peripheral_Libraries.a(misc.o)
 .debug_ranges  0x0000000000000e88      0x7a8 build/waf_bootloader-NoOS-NoNS-MXCHIP3162-SDIO/libraries/STM32F2xx_Peripheral_Libraries.a(stm32f2xx_flash.o)
 .debug_ranges  0x0000000000001630       0x78 build/waf_bootloader-NoOS-NoNS-MXCHIP3162-SDIO/libraries/STM32F2xx_Peripheral_Libraries.a(stm32f2xx_gpio.o)
 .debug_ranges  0x00000000000016a8       0x38 build/waf_bootloader-NoOS-NoNS-MXCHIP3162-SDIO/libraries/STM32F2xx_Peripheral_Libraries.a(stm32f2xx_iwdg.o)
 .debug_ranges  0x00000000000016e0      0x188 build/waf_bootloader-NoOS-NoNS-MXCHIP3162-SDIO/libraries/STM32F2xx_Peripheral_Libraries.a(stm32f2xx_rcc.o)
 .debug_ranges  0x0000000000001868      0x420 build/waf_bootloader-NoOS-NoNS-MXCHIP3162-SDIO/libraries/STM32F2xx_Peripheral_Libraries.a(stm32f2xx_tim.o)
 .debug_ranges  0x0000000000001c88       0x58 build/waf_bootloader-NoOS-NoNS-MXCHIP3162-SDIO/libraries/WWD_NoOS_Interface.a(wwd_rtos.o)
 .debug_ranges  0x0000000000001ce0       0x10 /home/wouters/GIT/willemwouters/EMW3162_WICED/WICED_SRC/tools/ARM_GNU/bin/Linux64/../../lib/thumb/v7m/libc.a(lib_a-memcmp.o)
 .debug_ranges  0x0000000000001cf0       0x10 /home/wouters/GIT/willemwouters/EMW3162_WICED/WICED_SRC/tools/ARM_GNU/bin/Linux64/../../lib/thumb/v7m/libc.a(lib_a-memcpy-stub.o)
 .debug_ranges  0x0000000000001d00       0x10 /home/wouters/GIT/willemwouters/EMW3162_WICED/WICED_SRC/tools/ARM_GNU/bin/Linux64/../../lib/thumb/v7m/libc.a(lib_a-memset.o)

.debug_line     0x0000000000000000     0x4c91
 .debug_line    0x0000000000000000      0x1b4 build/waf_bootloader-NoOS-NoNS-MXCHIP3162-SDIO/Modules/./WICED/platform/MCU/STM32F2xx/../../ARM_CM3/crt0_GCC.o
 .debug_line    0x00000000000001b4       0xfd build/waf_bootloader-NoOS-NoNS-MXCHIP3162-SDIO/Modules/./WICED/platform/MCU/STM32F2xx/../../ARM_CM3/hardfault_handler.o
 .debug_line    0x00000000000002b1       0xce build/waf_bootloader-NoOS-NoNS-MXCHIP3162-SDIO/Modules/./WICED/platform/MCU/STM32F2xx/platform_vector_table.o
 .debug_line    0x000000000000037f      0x724 build/waf_bootloader-NoOS-NoNS-MXCHIP3162-SDIO/Modules/./WICED/platform/MCU/STM32F2xx/WAF/waf_platform.o
 .debug_line    0x0000000000000aa3      0x12b build/waf_bootloader-NoOS-NoNS-MXCHIP3162-SDIO/libraries/App_WICED_Bootloader_MXCHIP3162.a(bootloader.o)
 .debug_line    0x0000000000000bce      0x33f build/waf_bootloader-NoOS-NoNS-MXCHIP3162-SDIO/libraries/Platform_MXCHIP3162.a(platform.o)
 .debug_line    0x0000000000000f0d      0x15f build/waf_bootloader-NoOS-NoNS-MXCHIP3162-SDIO/libraries/WWD_NoOS_Interface.a(noos.o)
 .debug_line    0x000000000000106c      0x321 build/waf_bootloader-NoOS-NoNS-MXCHIP3162-SDIO/libraries/STM32F2xx.a(platform_init.o)
 .debug_line    0x000000000000138d       0xe7 build/waf_bootloader-NoOS-NoNS-MXCHIP3162-SDIO/libraries/STM32F2xx.a(platform_unhandled_isr.o)
 .debug_line    0x0000000000001474      0x4f9 build/waf_bootloader-NoOS-NoNS-MXCHIP3162-SDIO/libraries/STM32F2xx_Peripheral_Drivers.a(platform_gpio.o)
 .debug_line    0x000000000000196d      0x194 build/waf_bootloader-NoOS-NoNS-MXCHIP3162-SDIO/libraries/STM32F2xx_Peripheral_Drivers.a(platform_mcu_powersave.o)
 .debug_line    0x0000000000001b01      0x7e3 build/waf_bootloader-NoOS-NoNS-MXCHIP3162-SDIO/libraries/STM32F2xx_Peripheral_Drivers.a(platform_uart.o)
 .debug_line    0x00000000000022e4      0x28b build/waf_bootloader-NoOS-NoNS-MXCHIP3162-SDIO/libraries/STM32F2xx_Peripheral_Drivers.a(platform_watchdog.o)
 .debug_line    0x000000000000256f      0x183 build/waf_bootloader-NoOS-NoNS-MXCHIP3162-SDIO/libraries/Ring_Buffer.a(ring_buffer.o)
 .debug_line    0x00000000000026f2      0x1ea build/waf_bootloader-NoOS-NoNS-MXCHIP3162-SDIO/libraries/STM32F2xx_Peripheral_Libraries.a(misc.o)
 .debug_line    0x00000000000028dc      0x861 build/waf_bootloader-NoOS-NoNS-MXCHIP3162-SDIO/libraries/STM32F2xx_Peripheral_Libraries.a(stm32f2xx_flash.o)
 .debug_line    0x000000000000313d      0x31b build/waf_bootloader-NoOS-NoNS-MXCHIP3162-SDIO/libraries/STM32F2xx_Peripheral_Libraries.a(stm32f2xx_gpio.o)
 .debug_line    0x0000000000003458      0x190 build/waf_bootloader-NoOS-NoNS-MXCHIP3162-SDIO/libraries/STM32F2xx_Peripheral_Libraries.a(stm32f2xx_iwdg.o)
 .debug_line    0x00000000000035e8      0x53f build/waf_bootloader-NoOS-NoNS-MXCHIP3162-SDIO/libraries/STM32F2xx_Peripheral_Libraries.a(stm32f2xx_rcc.o)
 .debug_line    0x0000000000003b27      0xc26 build/waf_bootloader-NoOS-NoNS-MXCHIP3162-SDIO/libraries/STM32F2xx_Peripheral_Libraries.a(stm32f2xx_tim.o)
 .debug_line    0x000000000000474d      0x194 build/waf_bootloader-NoOS-NoNS-MXCHIP3162-SDIO/libraries/WWD_NoOS_Interface.a(wwd_rtos.o)
 .debug_line    0x00000000000048e1      0x126 /home/wouters/GIT/willemwouters/EMW3162_WICED/WICED_SRC/tools/ARM_GNU/bin/Linux64/../../lib/thumb/v7m/libc.a(lib_a-memcmp.o)
 .debug_line    0x0000000000004a07      0x15a /home/wouters/GIT/willemwouters/EMW3162_WICED/WICED_SRC/tools/ARM_GNU/bin/Linux64/../../lib/thumb/v7m/libc.a(lib_a-memcpy-stub.o)
 .debug_line    0x0000000000004b61      0x130 /home/wouters/GIT/willemwouters/EMW3162_WICED/WICED_SRC/tools/ARM_GNU/bin/Linux64/../../lib/thumb/v7m/libc.a(lib_a-memset.o)

.debug_str      0x0000000000000000     0x84f2
 .debug_str     0x0000000000000000      0x445 build/waf_bootloader-NoOS-NoNS-MXCHIP3162-SDIO/Modules/./WICED/platform/MCU/STM32F2xx/../../ARM_CM3/crt0_GCC.o
                                        0x494 (size before relaxing)
 .debug_str     0x0000000000000445       0x6d build/waf_bootloader-NoOS-NoNS-MXCHIP3162-SDIO/Modules/./WICED/platform/MCU/STM32F2xx/../../ARM_CM3/hardfault_handler.o
                                        0x1d5 (size before relaxing)
 .debug_str     0x00000000000004b2       0x5b build/waf_bootloader-NoOS-NoNS-MXCHIP3162-SDIO/Modules/./WICED/platform/MCU/STM32F2xx/platform_vector_table.o
                                        0x1c3 (size before relaxing)
 .debug_str     0x000000000000050d     0x40a7 build/waf_bootloader-NoOS-NoNS-MXCHIP3162-SDIO/Modules/./WICED/platform/MCU/STM32F2xx/WAF/waf_platform.o
                                       0x44f6 (size before relaxing)
 .debug_str     0x00000000000045b4      0x126 build/waf_bootloader-NoOS-NoNS-MXCHIP3162-SDIO/libraries/App_WICED_Bootloader_MXCHIP3162.a(bootloader.o)
                                       0x23a9 (size before relaxing)
 .debug_str     0x00000000000046da     0x1000 build/waf_bootloader-NoOS-NoNS-MXCHIP3162-SDIO/libraries/Platform_MXCHIP3162.a(platform.o)
                                       0x146a (size before relaxing)
 .debug_str     0x00000000000056da       0xa6 build/waf_bootloader-NoOS-NoNS-MXCHIP3162-SDIO/libraries/WWD_NoOS_Interface.a(noos.o)
                                        0x7ef (size before relaxing)
 .debug_str     0x0000000000005780      0x4da build/waf_bootloader-NoOS-NoNS-MXCHIP3162-SDIO/libraries/STM32F2xx.a(platform_init.o)
                                       0x13d3 (size before relaxing)
 .debug_str     0x0000000000005c5a       0x61 build/waf_bootloader-NoOS-NoNS-MXCHIP3162-SDIO/libraries/STM32F2xx.a(platform_unhandled_isr.o)
                                        0x22f (size before relaxing)
 .debug_str     0x0000000000005cbb      0x5d2 build/waf_bootloader-NoOS-NoNS-MXCHIP3162-SDIO/libraries/STM32F2xx_Peripheral_Drivers.a(platform_gpio.o)
                                       0x113c (size before relaxing)
 .debug_str     0x000000000000628d       0xcb build/waf_bootloader-NoOS-NoNS-MXCHIP3162-SDIO/libraries/STM32F2xx_Peripheral_Drivers.a(platform_mcu_powersave.o)
                                        0x456 (size before relaxing)
 .debug_str     0x0000000000006358      0x61c build/waf_bootloader-NoOS-NoNS-MXCHIP3162-SDIO/libraries/STM32F2xx_Peripheral_Drivers.a(platform_uart.o)
                                       0x3980 (size before relaxing)
 .debug_str     0x0000000000006974      0x214 build/waf_bootloader-NoOS-NoNS-MXCHIP3162-SDIO/libraries/STM32F2xx_Peripheral_Drivers.a(platform_watchdog.o)
                                        0xcbd (size before relaxing)
 .debug_str     0x0000000000006b88      0x106 build/waf_bootloader-NoOS-NoNS-MXCHIP3162-SDIO/libraries/Ring_Buffer.a(ring_buffer.o)
                                       0x209a (size before relaxing)
 .debug_str     0x0000000000006c8e      0x15d build/waf_bootloader-NoOS-NoNS-MXCHIP3162-SDIO/libraries/STM32F2xx_Peripheral_Libraries.a(misc.o)
                                        0x3e8 (size before relaxing)
 .debug_str     0x0000000000006deb      0x2c1 build/waf_bootloader-NoOS-NoNS-MXCHIP3162-SDIO/libraries/STM32F2xx_Peripheral_Libraries.a(stm32f2xx_flash.o)
                                        0x593 (size before relaxing)
 .debug_str     0x00000000000070ac      0x19d build/waf_bootloader-NoOS-NoNS-MXCHIP3162-SDIO/libraries/STM32F2xx_Peripheral_Libraries.a(stm32f2xx_gpio.o)
                                        0x4d6 (size before relaxing)
 .debug_str     0x0000000000007249       0x92 build/waf_bootloader-NoOS-NoNS-MXCHIP3162-SDIO/libraries/STM32F2xx_Peripheral_Libraries.a(stm32f2xx_iwdg.o)
                                        0x278 (size before relaxing)
 .debug_str     0x00000000000072db      0x470 build/waf_bootloader-NoOS-NoNS-MXCHIP3162-SDIO/libraries/STM32F2xx_Peripheral_Libraries.a(stm32f2xx_rcc.o)
                                        0x85c (size before relaxing)
 .debug_str     0x000000000000774b      0xa30 build/waf_bootloader-NoOS-NoNS-MXCHIP3162-SDIO/libraries/STM32F2xx_Peripheral_Libraries.a(stm32f2xx_tim.o)
                                        0xe0a (size before relaxing)
 .debug_str     0x000000000000817b      0x128 build/waf_bootloader-NoOS-NoNS-MXCHIP3162-SDIO/libraries/WWD_NoOS_Interface.a(wwd_rtos.o)
                                        0xb64 (size before relaxing)
 .debug_str     0x00000000000082a3      0x132 /home/wouters/GIT/willemwouters/EMW3162_WICED/WICED_SRC/tools/ARM_GNU/bin/Linux64/../../lib/thumb/v7m/libc.a(lib_a-memcmp.o)
                                        0x1d2 (size before relaxing)
 .debug_str     0x00000000000083d5       0xd2 /home/wouters/GIT/willemwouters/EMW3162_WICED/WICED_SRC/tools/ARM_GNU/bin/Linux64/../../lib/thumb/v7m/libc.a(lib_a-memcpy-stub.o)
                                        0x20b (size before relaxing)
 .debug_str     0x00000000000084a7       0x4b /home/wouters/GIT/willemwouters/EMW3162_WICED/WICED_SRC/tools/ARM_GNU/bin/Linux64/../../lib/thumb/v7m/libc.a(lib_a-memset.o)
                                        0x1e6 (size before relaxing)

.debug_frame    0x0000000000000000     0x19d0
 .debug_frame   0x0000000000000000       0x34 build/waf_bootloader-NoOS-NoNS-MXCHIP3162-SDIO/Modules/./WICED/platform/MCU/STM32F2xx/../../ARM_CM3/crt0_GCC.o
 .debug_frame   0x0000000000000034       0x40 build/waf_bootloader-NoOS-NoNS-MXCHIP3162-SDIO/Modules/./WICED/platform/MCU/STM32F2xx/../../ARM_CM3/hardfault_handler.o
 .debug_frame   0x0000000000000074      0x1b4 build/waf_bootloader-NoOS-NoNS-MXCHIP3162-SDIO/Modules/./WICED/platform/MCU/STM32F2xx/WAF/waf_platform.o
 .debug_frame   0x0000000000000228       0x30 build/waf_bootloader-NoOS-NoNS-MXCHIP3162-SDIO/libraries/App_WICED_Bootloader_MXCHIP3162.a(bootloader.o)
 .debug_frame   0x0000000000000258      0x130 build/waf_bootloader-NoOS-NoNS-MXCHIP3162-SDIO/libraries/Platform_MXCHIP3162.a(platform.o)
 .debug_frame   0x0000000000000388       0x6c build/waf_bootloader-NoOS-NoNS-MXCHIP3162-SDIO/libraries/WWD_NoOS_Interface.a(noos.o)
 .debug_frame   0x00000000000003f4       0x7c build/waf_bootloader-NoOS-NoNS-MXCHIP3162-SDIO/libraries/STM32F2xx.a(platform_init.o)
 .debug_frame   0x0000000000000470       0x2c build/waf_bootloader-NoOS-NoNS-MXCHIP3162-SDIO/libraries/STM32F2xx.a(platform_unhandled_isr.o)
 .debug_frame   0x000000000000049c      0x178 build/waf_bootloader-NoOS-NoNS-MXCHIP3162-SDIO/libraries/STM32F2xx_Peripheral_Drivers.a(platform_gpio.o)
 .debug_frame   0x0000000000000614       0x70 build/waf_bootloader-NoOS-NoNS-MXCHIP3162-SDIO/libraries/STM32F2xx_Peripheral_Drivers.a(platform_mcu_powersave.o)
 .debug_frame   0x0000000000000684      0x168 build/waf_bootloader-NoOS-NoNS-MXCHIP3162-SDIO/libraries/STM32F2xx_Peripheral_Drivers.a(platform_uart.o)
 .debug_frame   0x00000000000007ec       0x80 build/waf_bootloader-NoOS-NoNS-MXCHIP3162-SDIO/libraries/STM32F2xx_Peripheral_Drivers.a(platform_watchdog.o)
 .debug_frame   0x000000000000086c       0xc8 build/waf_bootloader-NoOS-NoNS-MXCHIP3162-SDIO/libraries/Ring_Buffer.a(ring_buffer.o)
 .debug_frame   0x0000000000000934       0x6c build/waf_bootloader-NoOS-NoNS-MXCHIP3162-SDIO/libraries/STM32F2xx_Peripheral_Libraries.a(misc.o)
 .debug_frame   0x00000000000009a0      0x308 build/waf_bootloader-NoOS-NoNS-MXCHIP3162-SDIO/libraries/STM32F2xx_Peripheral_Libraries.a(stm32f2xx_flash.o)
 .debug_frame   0x0000000000000ca8      0x164 build/waf_bootloader-NoOS-NoNS-MXCHIP3162-SDIO/libraries/STM32F2xx_Peripheral_Libraries.a(stm32f2xx_gpio.o)
 .debug_frame   0x0000000000000e0c       0x70 build/waf_bootloader-NoOS-NoNS-MXCHIP3162-SDIO/libraries/STM32F2xx_Peripheral_Libraries.a(stm32f2xx_iwdg.o)
 .debug_frame   0x0000000000000e7c      0x2f4 build/waf_bootloader-NoOS-NoNS-MXCHIP3162-SDIO/libraries/STM32F2xx_Peripheral_Libraries.a(stm32f2xx_rcc.o)
 .debug_frame   0x0000000000001170      0x708 build/waf_bootloader-NoOS-NoNS-MXCHIP3162-SDIO/libraries/STM32F2xx_Peripheral_Libraries.a(stm32f2xx_tim.o)
 .debug_frame   0x0000000000001878       0xbc build/waf_bootloader-NoOS-NoNS-MXCHIP3162-SDIO/libraries/WWD_NoOS_Interface.a(wwd_rtos.o)
 .debug_frame   0x0000000000001934       0x38 /home/wouters/GIT/willemwouters/EMW3162_WICED/WICED_SRC/tools/ARM_GNU/bin/Linux64/../../lib/thumb/v7m/libc.a(lib_a-memcmp.o)
 .debug_frame   0x000000000000196c       0x30 /home/wouters/GIT/willemwouters/EMW3162_WICED/WICED_SRC/tools/ARM_GNU/bin/Linux64/../../lib/thumb/v7m/libc.a(lib_a-memcpy-stub.o)
 .debug_frame   0x000000000000199c       0x34 /home/wouters/GIT/willemwouters/EMW3162_WICED/WICED_SRC/tools/ARM_GNU/bin/Linux64/../../lib/thumb/v7m/libc.a(lib_a-memset.o)

Cross Reference Table

Symbol                                            File
ADC_irq                                           build/waf_bootloader-NoOS-NoNS-MXCHIP3162-SDIO/libraries/STM32F2xx.a(platform_unhandled_isr.o)
                                                  build/waf_bootloader-NoOS-NoNS-MXCHIP3162-SDIO/Modules/./WICED/platform/MCU/STM32F2xx/platform_vector_table.o
BusFaultException                                 build/waf_bootloader-NoOS-NoNS-MXCHIP3162-SDIO/libraries/STM32F2xx.a(platform_unhandled_isr.o)
                                                  build/waf_bootloader-NoOS-NoNS-MXCHIP3162-SDIO/Modules/./WICED/platform/MCU/STM32F2xx/platform_vector_table.o
CAN1_RX0_irq                                      build/waf_bootloader-NoOS-NoNS-MXCHIP3162-SDIO/libraries/STM32F2xx.a(platform_unhandled_isr.o)
                                                  build/waf_bootloader-NoOS-NoNS-MXCHIP3162-SDIO/Modules/./WICED/platform/MCU/STM32F2xx/platform_vector_table.o
CAN1_RX1_irq                                      build/waf_bootloader-NoOS-NoNS-MXCHIP3162-SDIO/libraries/STM32F2xx.a(platform_unhandled_isr.o)
                                                  build/waf_bootloader-NoOS-NoNS-MXCHIP3162-SDIO/Modules/./WICED/platform/MCU/STM32F2xx/platform_vector_table.o
CAN1_SCE_irq                                      build/waf_bootloader-NoOS-NoNS-MXCHIP3162-SDIO/libraries/STM32F2xx.a(platform_unhandled_isr.o)
                                                  build/waf_bootloader-NoOS-NoNS-MXCHIP3162-SDIO/Modules/./WICED/platform/MCU/STM32F2xx/platform_vector_table.o
CAN1_TX_irq                                       build/waf_bootloader-NoOS-NoNS-MXCHIP3162-SDIO/libraries/STM32F2xx.a(platform_unhandled_isr.o)
                                                  build/waf_bootloader-NoOS-NoNS-MXCHIP3162-SDIO/Modules/./WICED/platform/MCU/STM32F2xx/platform_vector_table.o
CAN2_RX0_irq                                      build/waf_bootloader-NoOS-NoNS-MXCHIP3162-SDIO/libraries/STM32F2xx.a(platform_unhandled_isr.o)
                                                  build/waf_bootloader-NoOS-NoNS-MXCHIP3162-SDIO/Modules/./WICED/platform/MCU/STM32F2xx/platform_vector_table.o
CAN2_RX1_irq                                      build/waf_bootloader-NoOS-NoNS-MXCHIP3162-SDIO/libraries/STM32F2xx.a(platform_unhandled_isr.o)
                                                  build/waf_bootloader-NoOS-NoNS-MXCHIP3162-SDIO/Modules/./WICED/platform/MCU/STM32F2xx/platform_vector_table.o
CAN2_SCE_irq                                      build/waf_bootloader-NoOS-NoNS-MXCHIP3162-SDIO/libraries/STM32F2xx.a(platform_unhandled_isr.o)
                                                  build/waf_bootloader-NoOS-NoNS-MXCHIP3162-SDIO/Modules/./WICED/platform/MCU/STM32F2xx/platform_vector_table.o
CAN2_TX_irq                                       build/waf_bootloader-NoOS-NoNS-MXCHIP3162-SDIO/libraries/STM32F2xx.a(platform_unhandled_isr.o)
                                                  build/waf_bootloader-NoOS-NoNS-MXCHIP3162-SDIO/Modules/./WICED/platform/MCU/STM32F2xx/platform_vector_table.o
CRYP_irq                                          build/waf_bootloader-NoOS-NoNS-MXCHIP3162-SDIO/libraries/STM32F2xx.a(platform_unhandled_isr.o)
                                                  build/waf_bootloader-NoOS-NoNS-MXCHIP3162-SDIO/Modules/./WICED/platform/MCU/STM32F2xx/platform_vector_table.o
DCMI_irq                                          build/waf_bootloader-NoOS-NoNS-MXCHIP3162-SDIO/libraries/STM32F2xx.a(platform_unhandled_isr.o)
                                                  build/waf_bootloader-NoOS-NoNS-MXCHIP3162-SDIO/Modules/./WICED/platform/MCU/STM32F2xx/platform_vector_table.o
DCT_section_offsets                               build/waf_bootloader-NoOS-NoNS-MXCHIP3162-SDIO/Modules/./WICED/platform/MCU/STM32F2xx/WAF/waf_platform.o
DMA1_Stream0_irq                                  build/waf_bootloader-NoOS-NoNS-MXCHIP3162-SDIO/libraries/STM32F2xx.a(platform_unhandled_isr.o)
                                                  build/waf_bootloader-NoOS-NoNS-MXCHIP3162-SDIO/Modules/./WICED/platform/MCU/STM32F2xx/platform_vector_table.o
DMA1_Stream1_irq                                  build/waf_bootloader-NoOS-NoNS-MXCHIP3162-SDIO/libraries/STM32F2xx.a(platform_unhandled_isr.o)
                                                  build/waf_bootloader-NoOS-NoNS-MXCHIP3162-SDIO/Modules/./WICED/platform/MCU/STM32F2xx/platform_vector_table.o
DMA1_Stream2_irq                                  build/waf_bootloader-NoOS-NoNS-MXCHIP3162-SDIO/libraries/STM32F2xx.a(platform_unhandled_isr.o)
                                                  build/waf_bootloader-NoOS-NoNS-MXCHIP3162-SDIO/Modules/./WICED/platform/MCU/STM32F2xx/platform_vector_table.o
DMA1_Stream3_irq                                  build/waf_bootloader-NoOS-NoNS-MXCHIP3162-SDIO/libraries/STM32F2xx.a(platform_unhandled_isr.o)
                                                  build/waf_bootloader-NoOS-NoNS-MXCHIP3162-SDIO/Modules/./WICED/platform/MCU/STM32F2xx/platform_vector_table.o
DMA1_Stream4_irq                                  build/waf_bootloader-NoOS-NoNS-MXCHIP3162-SDIO/libraries/STM32F2xx.a(platform_unhandled_isr.o)
                                                  build/waf_bootloader-NoOS-NoNS-MXCHIP3162-SDIO/Modules/./WICED/platform/MCU/STM32F2xx/platform_vector_table.o
DMA1_Stream5_irq                                  build/waf_bootloader-NoOS-NoNS-MXCHIP3162-SDIO/libraries/Platform_MXCHIP3162.a(platform.o)
                                                  build/waf_bootloader-NoOS-NoNS-MXCHIP3162-SDIO/Modules/./WICED/platform/MCU/STM32F2xx/platform_vector_table.o
DMA1_Stream6_irq                                  build/waf_bootloader-NoOS-NoNS-MXCHIP3162-SDIO/libraries/Platform_MXCHIP3162.a(platform.o)
                                                  build/waf_bootloader-NoOS-NoNS-MXCHIP3162-SDIO/Modules/./WICED/platform/MCU/STM32F2xx/platform_vector_table.o
DMA1_Stream7_irq                                  build/waf_bootloader-NoOS-NoNS-MXCHIP3162-SDIO/libraries/STM32F2xx.a(platform_unhandled_isr.o)
                                                  build/waf_bootloader-NoOS-NoNS-MXCHIP3162-SDIO/Modules/./WICED/platform/MCU/STM32F2xx/platform_vector_table.o
DMA2_Stream0_irq                                  build/waf_bootloader-NoOS-NoNS-MXCHIP3162-SDIO/libraries/STM32F2xx.a(platform_unhandled_isr.o)
                                                  build/waf_bootloader-NoOS-NoNS-MXCHIP3162-SDIO/Modules/./WICED/platform/MCU/STM32F2xx/platform_vector_table.o
DMA2_Stream1_irq                                  build/waf_bootloader-NoOS-NoNS-MXCHIP3162-SDIO/libraries/STM32F2xx.a(platform_unhandled_isr.o)
                                                  build/waf_bootloader-NoOS-NoNS-MXCHIP3162-SDIO/Modules/./WICED/platform/MCU/STM32F2xx/platform_vector_table.o
DMA2_Stream2_irq                                  build/waf_bootloader-NoOS-NoNS-MXCHIP3162-SDIO/libraries/Platform_MXCHIP3162.a(platform.o)
                                                  build/waf_bootloader-NoOS-NoNS-MXCHIP3162-SDIO/Modules/./WICED/platform/MCU/STM32F2xx/platform_vector_table.o
DMA2_Stream3_irq                                  build/waf_bootloader-NoOS-NoNS-MXCHIP3162-SDIO/libraries/STM32F2xx.a(platform_unhandled_isr.o)
                                                  build/waf_bootloader-NoOS-NoNS-MXCHIP3162-SDIO/Modules/./WICED/platform/MCU/STM32F2xx/platform_vector_table.o
DMA2_Stream4_irq                                  build/waf_bootloader-NoOS-NoNS-MXCHIP3162-SDIO/libraries/STM32F2xx.a(platform_unhandled_isr.o)
                                                  build/waf_bootloader-NoOS-NoNS-MXCHIP3162-SDIO/Modules/./WICED/platform/MCU/STM32F2xx/platform_vector_table.o
DMA2_Stream5_irq                                  build/waf_bootloader-NoOS-NoNS-MXCHIP3162-SDIO/libraries/STM32F2xx.a(platform_unhandled_isr.o)
                                                  build/waf_bootloader-NoOS-NoNS-MXCHIP3162-SDIO/Modules/./WICED/platform/MCU/STM32F2xx/platform_vector_table.o
DMA2_Stream6_irq                                  build/waf_bootloader-NoOS-NoNS-MXCHIP3162-SDIO/libraries/STM32F2xx.a(platform_unhandled_isr.o)
                                                  build/waf_bootloader-NoOS-NoNS-MXCHIP3162-SDIO/Modules/./WICED/platform/MCU/STM32F2xx/platform_vector_table.o
DMA2_Stream7_irq                                  build/waf_bootloader-NoOS-NoNS-MXCHIP3162-SDIO/libraries/Platform_MXCHIP3162.a(platform.o)
                                                  build/waf_bootloader-NoOS-NoNS-MXCHIP3162-SDIO/Modules/./WICED/platform/MCU/STM32F2xx/platform_vector_table.o
DMA_ClearFlag                                     build/waf_bootloader-NoOS-NoNS-MXCHIP3162-SDIO/libraries/STM32F2xx_Peripheral_Libraries.a(stm32f2xx_dma.o)
DMA_ClearITPendingBit                             build/waf_bootloader-NoOS-NoNS-MXCHIP3162-SDIO/libraries/STM32F2xx_Peripheral_Libraries.a(stm32f2xx_dma.o)
DMA_Cmd                                           build/waf_bootloader-NoOS-NoNS-MXCHIP3162-SDIO/libraries/STM32F2xx_Peripheral_Libraries.a(stm32f2xx_dma.o)
DMA_DeInit                                        build/waf_bootloader-NoOS-NoNS-MXCHIP3162-SDIO/libraries/STM32F2xx_Peripheral_Libraries.a(stm32f2xx_dma.o)
                                                  build/waf_bootloader-NoOS-NoNS-MXCHIP3162-SDIO/libraries/STM32F2xx_Peripheral_Drivers.a(platform_uart.o)
DMA_DoubleBufferModeCmd                           build/waf_bootloader-NoOS-NoNS-MXCHIP3162-SDIO/libraries/STM32F2xx_Peripheral_Libraries.a(stm32f2xx_dma.o)
DMA_DoubleBufferModeConfig                        build/waf_bootloader-NoOS-NoNS-MXCHIP3162-SDIO/libraries/STM32F2xx_Peripheral_Libraries.a(stm32f2xx_dma.o)
DMA_FlowControllerConfig                          build/waf_bootloader-NoOS-NoNS-MXCHIP3162-SDIO/libraries/STM32F2xx_Peripheral_Libraries.a(stm32f2xx_dma.o)
DMA_GetCmdStatus                                  build/waf_bootloader-NoOS-NoNS-MXCHIP3162-SDIO/libraries/STM32F2xx_Peripheral_Libraries.a(stm32f2xx_dma.o)
DMA_GetCurrDataCounter                            build/waf_bootloader-NoOS-NoNS-MXCHIP3162-SDIO/libraries/STM32F2xx_Peripheral_Libraries.a(stm32f2xx_dma.o)
DMA_GetCurrentMemoryTarget                        build/waf_bootloader-NoOS-NoNS-MXCHIP3162-SDIO/libraries/STM32F2xx_Peripheral_Libraries.a(stm32f2xx_dma.o)
DMA_GetFIFOStatus                                 build/waf_bootloader-NoOS-NoNS-MXCHIP3162-SDIO/libraries/STM32F2xx_Peripheral_Libraries.a(stm32f2xx_dma.o)
DMA_GetFlagStatus                                 build/waf_bootloader-NoOS-NoNS-MXCHIP3162-SDIO/libraries/STM32F2xx_Peripheral_Libraries.a(stm32f2xx_dma.o)
DMA_GetITStatus                                   build/waf_bootloader-NoOS-NoNS-MXCHIP3162-SDIO/libraries/STM32F2xx_Peripheral_Libraries.a(stm32f2xx_dma.o)
DMA_ITConfig                                      build/waf_bootloader-NoOS-NoNS-MXCHIP3162-SDIO/libraries/STM32F2xx_Peripheral_Libraries.a(stm32f2xx_dma.o)
                                                  build/waf_bootloader-NoOS-NoNS-MXCHIP3162-SDIO/libraries/STM32F2xx_Peripheral_Drivers.a(platform_uart.o)
DMA_Init                                          build/waf_bootloader-NoOS-NoNS-MXCHIP3162-SDIO/libraries/STM32F2xx_Peripheral_Libraries.a(stm32f2xx_dma.o)
                                                  build/waf_bootloader-NoOS-NoNS-MXCHIP3162-SDIO/libraries/STM32F2xx_Peripheral_Drivers.a(platform_uart.o)
DMA_MemoryTargetConfig                            build/waf_bootloader-NoOS-NoNS-MXCHIP3162-SDIO/libraries/STM32F2xx_Peripheral_Libraries.a(stm32f2xx_dma.o)
DMA_PeriphIncOffsetSizeConfig                     build/waf_bootloader-NoOS-NoNS-MXCHIP3162-SDIO/libraries/STM32F2xx_Peripheral_Libraries.a(stm32f2xx_dma.o)
DMA_SetCurrDataCounter                            build/waf_bootloader-NoOS-NoNS-MXCHIP3162-SDIO/libraries/STM32F2xx_Peripheral_Libraries.a(stm32f2xx_dma.o)
DMA_StructInit                                    build/waf_bootloader-NoOS-NoNS-MXCHIP3162-SDIO/libraries/STM32F2xx_Peripheral_Libraries.a(stm32f2xx_dma.o)
DebugMonitor                                      build/waf_bootloader-NoOS-NoNS-MXCHIP3162-SDIO/libraries/STM32F2xx.a(platform_unhandled_isr.o)
                                                  build/waf_bootloader-NoOS-NoNS-MXCHIP3162-SDIO/Modules/./WICED/platform/MCU/STM32F2xx/platform_vector_table.o
ETH_WKUP_irq                                      build/waf_bootloader-NoOS-NoNS-MXCHIP3162-SDIO/libraries/STM32F2xx.a(platform_unhandled_isr.o)
                                                  build/waf_bootloader-NoOS-NoNS-MXCHIP3162-SDIO/Modules/./WICED/platform/MCU/STM32F2xx/platform_vector_table.o
ETH_irq                                           build/waf_bootloader-NoOS-NoNS-MXCHIP3162-SDIO/libraries/STM32F2xx.a(platform_unhandled_isr.o)
                                                  build/waf_bootloader-NoOS-NoNS-MXCHIP3162-SDIO/Modules/./WICED/platform/MCU/STM32F2xx/platform_vector_table.o
EXTI0_irq                                         build/waf_bootloader-NoOS-NoNS-MXCHIP3162-SDIO/libraries/STM32F2xx_Peripheral_Drivers.a(platform_gpio.o)
                                                  build/waf_bootloader-NoOS-NoNS-MXCHIP3162-SDIO/libraries/STM32F2xx.a(platform_unhandled_isr.o)
                                                  build/waf_bootloader-NoOS-NoNS-MXCHIP3162-SDIO/Modules/./WICED/platform/MCU/STM32F2xx/platform_vector_table.o
EXTI15_10_irq                                     build/waf_bootloader-NoOS-NoNS-MXCHIP3162-SDIO/libraries/STM32F2xx_Peripheral_Drivers.a(platform_gpio.o)
                                                  build/waf_bootloader-NoOS-NoNS-MXCHIP3162-SDIO/libraries/STM32F2xx.a(platform_unhandled_isr.o)
                                                  build/waf_bootloader-NoOS-NoNS-MXCHIP3162-SDIO/Modules/./WICED/platform/MCU/STM32F2xx/platform_vector_table.o
EXTI1_irq                                         build/waf_bootloader-NoOS-NoNS-MXCHIP3162-SDIO/libraries/STM32F2xx_Peripheral_Drivers.a(platform_gpio.o)
                                                  build/waf_bootloader-NoOS-NoNS-MXCHIP3162-SDIO/libraries/STM32F2xx.a(platform_unhandled_isr.o)
                                                  build/waf_bootloader-NoOS-NoNS-MXCHIP3162-SDIO/Modules/./WICED/platform/MCU/STM32F2xx/platform_vector_table.o
EXTI2_irq                                         build/waf_bootloader-NoOS-NoNS-MXCHIP3162-SDIO/libraries/STM32F2xx_Peripheral_Drivers.a(platform_gpio.o)
                                                  build/waf_bootloader-NoOS-NoNS-MXCHIP3162-SDIO/libraries/STM32F2xx.a(platform_unhandled_isr.o)
                                                  build/waf_bootloader-NoOS-NoNS-MXCHIP3162-SDIO/Modules/./WICED/platform/MCU/STM32F2xx/platform_vector_table.o
EXTI3_irq                                         build/waf_bootloader-NoOS-NoNS-MXCHIP3162-SDIO/libraries/STM32F2xx_Peripheral_Drivers.a(platform_gpio.o)
                                                  build/waf_bootloader-NoOS-NoNS-MXCHIP3162-SDIO/libraries/STM32F2xx.a(platform_unhandled_isr.o)
                                                  build/waf_bootloader-NoOS-NoNS-MXCHIP3162-SDIO/Modules/./WICED/platform/MCU/STM32F2xx/platform_vector_table.o
EXTI4_irq                                         build/waf_bootloader-NoOS-NoNS-MXCHIP3162-SDIO/libraries/STM32F2xx_Peripheral_Drivers.a(platform_gpio.o)
                                                  build/waf_bootloader-NoOS-NoNS-MXCHIP3162-SDIO/libraries/STM32F2xx.a(platform_unhandled_isr.o)
                                                  build/waf_bootloader-NoOS-NoNS-MXCHIP3162-SDIO/Modules/./WICED/platform/MCU/STM32F2xx/platform_vector_table.o
EXTI9_5_irq                                       build/waf_bootloader-NoOS-NoNS-MXCHIP3162-SDIO/libraries/STM32F2xx_Peripheral_Drivers.a(platform_gpio.o)
                                                  build/waf_bootloader-NoOS-NoNS-MXCHIP3162-SDIO/libraries/STM32F2xx.a(platform_unhandled_isr.o)
                                                  build/waf_bootloader-NoOS-NoNS-MXCHIP3162-SDIO/Modules/./WICED/platform/MCU/STM32F2xx/platform_vector_table.o
EXTI_ClearFlag                                    build/waf_bootloader-NoOS-NoNS-MXCHIP3162-SDIO/libraries/STM32F2xx_Peripheral_Libraries.a(stm32f2xx_exti.o)
EXTI_ClearITPendingBit                            build/waf_bootloader-NoOS-NoNS-MXCHIP3162-SDIO/libraries/STM32F2xx_Peripheral_Libraries.a(stm32f2xx_exti.o)
EXTI_DeInit                                       build/waf_bootloader-NoOS-NoNS-MXCHIP3162-SDIO/libraries/STM32F2xx_Peripheral_Libraries.a(stm32f2xx_exti.o)
EXTI_GenerateSWInterrupt                          build/waf_bootloader-NoOS-NoNS-MXCHIP3162-SDIO/libraries/STM32F2xx_Peripheral_Libraries.a(stm32f2xx_exti.o)
EXTI_GetFlagStatus                                build/waf_bootloader-NoOS-NoNS-MXCHIP3162-SDIO/libraries/STM32F2xx_Peripheral_Libraries.a(stm32f2xx_exti.o)
EXTI_GetITStatus                                  build/waf_bootloader-NoOS-NoNS-MXCHIP3162-SDIO/libraries/STM32F2xx_Peripheral_Libraries.a(stm32f2xx_exti.o)
EXTI_Init                                         build/waf_bootloader-NoOS-NoNS-MXCHIP3162-SDIO/libraries/STM32F2xx_Peripheral_Libraries.a(stm32f2xx_exti.o)
                                                  build/waf_bootloader-NoOS-NoNS-MXCHIP3162-SDIO/libraries/STM32F2xx_Peripheral_Drivers.a(platform_gpio.o)
EXTI_StructInit                                   build/waf_bootloader-NoOS-NoNS-MXCHIP3162-SDIO/libraries/STM32F2xx_Peripheral_Libraries.a(stm32f2xx_exti.o)
FLASH_ClearFlag                                   build/waf_bootloader-NoOS-NoNS-MXCHIP3162-SDIO/libraries/STM32F2xx_Peripheral_Libraries.a(stm32f2xx_flash.o)
                                                  build/waf_bootloader-NoOS-NoNS-MXCHIP3162-SDIO/Modules/./WICED/platform/MCU/STM32F2xx/WAF/waf_platform.o
FLASH_DataCacheCmd                                build/waf_bootloader-NoOS-NoNS-MXCHIP3162-SDIO/libraries/STM32F2xx_Peripheral_Libraries.a(stm32f2xx_flash.o)
FLASH_DataCacheReset                              build/waf_bootloader-NoOS-NoNS-MXCHIP3162-SDIO/libraries/STM32F2xx_Peripheral_Libraries.a(stm32f2xx_flash.o)
FLASH_EraseAllSectors                             build/waf_bootloader-NoOS-NoNS-MXCHIP3162-SDIO/libraries/STM32F2xx_Peripheral_Libraries.a(stm32f2xx_flash.o)
FLASH_EraseSector                                 build/waf_bootloader-NoOS-NoNS-MXCHIP3162-SDIO/libraries/STM32F2xx_Peripheral_Libraries.a(stm32f2xx_flash.o)
                                                  build/waf_bootloader-NoOS-NoNS-MXCHIP3162-SDIO/Modules/./WICED/platform/MCU/STM32F2xx/WAF/waf_platform.o
FLASH_GetFlagStatus                               build/waf_bootloader-NoOS-NoNS-MXCHIP3162-SDIO/libraries/STM32F2xx_Peripheral_Libraries.a(stm32f2xx_flash.o)
FLASH_GetStatus                                   build/waf_bootloader-NoOS-NoNS-MXCHIP3162-SDIO/libraries/STM32F2xx_Peripheral_Libraries.a(stm32f2xx_flash.o)
FLASH_ITConfig                                    build/waf_bootloader-NoOS-NoNS-MXCHIP3162-SDIO/libraries/STM32F2xx_Peripheral_Libraries.a(stm32f2xx_flash.o)
FLASH_InstructionCacheCmd                         build/waf_bootloader-NoOS-NoNS-MXCHIP3162-SDIO/libraries/STM32F2xx_Peripheral_Libraries.a(stm32f2xx_flash.o)
FLASH_InstructionCacheReset                       build/waf_bootloader-NoOS-NoNS-MXCHIP3162-SDIO/libraries/STM32F2xx_Peripheral_Libraries.a(stm32f2xx_flash.o)
FLASH_Lock                                        build/waf_bootloader-NoOS-NoNS-MXCHIP3162-SDIO/libraries/STM32F2xx_Peripheral_Libraries.a(stm32f2xx_flash.o)
                                                  build/waf_bootloader-NoOS-NoNS-MXCHIP3162-SDIO/Modules/./WICED/platform/MCU/STM32F2xx/WAF/waf_platform.o
FLASH_OB_BORConfig                                build/waf_bootloader-NoOS-NoNS-MXCHIP3162-SDIO/libraries/STM32F2xx_Peripheral_Libraries.a(stm32f2xx_flash.o)
FLASH_OB_GetBOR                                   build/waf_bootloader-NoOS-NoNS-MXCHIP3162-SDIO/libraries/STM32F2xx_Peripheral_Libraries.a(stm32f2xx_flash.o)
FLASH_OB_GetRDP                                   build/waf_bootloader-NoOS-NoNS-MXCHIP3162-SDIO/libraries/STM32F2xx_Peripheral_Libraries.a(stm32f2xx_flash.o)
FLASH_OB_GetUser                                  build/waf_bootloader-NoOS-NoNS-MXCHIP3162-SDIO/libraries/STM32F2xx_Peripheral_Libraries.a(stm32f2xx_flash.o)
FLASH_OB_GetWRP                                   build/waf_bootloader-NoOS-NoNS-MXCHIP3162-SDIO/libraries/STM32F2xx_Peripheral_Libraries.a(stm32f2xx_flash.o)
FLASH_OB_Launch                                   build/waf_bootloader-NoOS-NoNS-MXCHIP3162-SDIO/libraries/STM32F2xx_Peripheral_Libraries.a(stm32f2xx_flash.o)
FLASH_OB_Lock                                     build/waf_bootloader-NoOS-NoNS-MXCHIP3162-SDIO/libraries/STM32F2xx_Peripheral_Libraries.a(stm32f2xx_flash.o)
FLASH_OB_RDPConfig                                build/waf_bootloader-NoOS-NoNS-MXCHIP3162-SDIO/libraries/STM32F2xx_Peripheral_Libraries.a(stm32f2xx_flash.o)
FLASH_OB_Unlock                                   build/waf_bootloader-NoOS-NoNS-MXCHIP3162-SDIO/libraries/STM32F2xx_Peripheral_Libraries.a(stm32f2xx_flash.o)
FLASH_OB_UserConfig                               build/waf_bootloader-NoOS-NoNS-MXCHIP3162-SDIO/libraries/STM32F2xx_Peripheral_Libraries.a(stm32f2xx_flash.o)
FLASH_OB_WRPConfig                                build/waf_bootloader-NoOS-NoNS-MXCHIP3162-SDIO/libraries/STM32F2xx_Peripheral_Libraries.a(stm32f2xx_flash.o)
FLASH_PrefetchBufferCmd                           build/waf_bootloader-NoOS-NoNS-MXCHIP3162-SDIO/libraries/STM32F2xx_Peripheral_Libraries.a(stm32f2xx_flash.o)
                                                  build/waf_bootloader-NoOS-NoNS-MXCHIP3162-SDIO/libraries/STM32F2xx.a(platform_init.o)
FLASH_ProgramByte                                 build/waf_bootloader-NoOS-NoNS-MXCHIP3162-SDIO/libraries/STM32F2xx_Peripheral_Libraries.a(stm32f2xx_flash.o)
                                                  build/waf_bootloader-NoOS-NoNS-MXCHIP3162-SDIO/Modules/./WICED/platform/MCU/STM32F2xx/WAF/waf_platform.o
FLASH_ProgramDoubleWord                           build/waf_bootloader-NoOS-NoNS-MXCHIP3162-SDIO/libraries/STM32F2xx_Peripheral_Libraries.a(stm32f2xx_flash.o)
FLASH_ProgramHalfWord                             build/waf_bootloader-NoOS-NoNS-MXCHIP3162-SDIO/libraries/STM32F2xx_Peripheral_Libraries.a(stm32f2xx_flash.o)
FLASH_ProgramWord                                 build/waf_bootloader-NoOS-NoNS-MXCHIP3162-SDIO/libraries/STM32F2xx_Peripheral_Libraries.a(stm32f2xx_flash.o)
                                                  build/waf_bootloader-NoOS-NoNS-MXCHIP3162-SDIO/Modules/./WICED/platform/MCU/STM32F2xx/WAF/waf_platform.o
FLASH_SetLatency                                  build/waf_bootloader-NoOS-NoNS-MXCHIP3162-SDIO/libraries/STM32F2xx_Peripheral_Libraries.a(stm32f2xx_flash.o)
                                                  build/waf_bootloader-NoOS-NoNS-MXCHIP3162-SDIO/libraries/STM32F2xx.a(platform_init.o)
FLASH_Unlock                                      build/waf_bootloader-NoOS-NoNS-MXCHIP3162-SDIO/libraries/STM32F2xx_Peripheral_Libraries.a(stm32f2xx_flash.o)
                                                  build/waf_bootloader-NoOS-NoNS-MXCHIP3162-SDIO/Modules/./WICED/platform/MCU/STM32F2xx/WAF/waf_platform.o
FLASH_WaitForLastOperation                        build/waf_bootloader-NoOS-NoNS-MXCHIP3162-SDIO/libraries/STM32F2xx_Peripheral_Libraries.a(stm32f2xx_flash.o)
FLASH_irq                                         build/waf_bootloader-NoOS-NoNS-MXCHIP3162-SDIO/libraries/STM32F2xx.a(platform_unhandled_isr.o)
                                                  build/waf_bootloader-NoOS-NoNS-MXCHIP3162-SDIO/Modules/./WICED/platform/MCU/STM32F2xx/platform_vector_table.o
FSMC_irq                                          build/waf_bootloader-NoOS-NoNS-MXCHIP3162-SDIO/libraries/STM32F2xx.a(platform_unhandled_isr.o)
                                                  build/waf_bootloader-NoOS-NoNS-MXCHIP3162-SDIO/Modules/./WICED/platform/MCU/STM32F2xx/platform_vector_table.o
GPIO_DeInit                                       build/waf_bootloader-NoOS-NoNS-MXCHIP3162-SDIO/libraries/STM32F2xx_Peripheral_Libraries.a(stm32f2xx_gpio.o)
GPIO_Init                                         build/waf_bootloader-NoOS-NoNS-MXCHIP3162-SDIO/libraries/STM32F2xx_Peripheral_Libraries.a(stm32f2xx_gpio.o)
                                                  build/waf_bootloader-NoOS-NoNS-MXCHIP3162-SDIO/libraries/STM32F2xx_Peripheral_Drivers.a(platform_gpio.o)
GPIO_PinAFConfig                                  build/waf_bootloader-NoOS-NoNS-MXCHIP3162-SDIO/libraries/STM32F2xx_Peripheral_Libraries.a(stm32f2xx_gpio.o)
                                                  build/waf_bootloader-NoOS-NoNS-MXCHIP3162-SDIO/libraries/STM32F2xx_Peripheral_Drivers.a(platform_gpio.o)
GPIO_PinLockConfig                                build/waf_bootloader-NoOS-NoNS-MXCHIP3162-SDIO/libraries/STM32F2xx_Peripheral_Libraries.a(stm32f2xx_gpio.o)
GPIO_ReadInputData                                build/waf_bootloader-NoOS-NoNS-MXCHIP3162-SDIO/libraries/STM32F2xx_Peripheral_Libraries.a(stm32f2xx_gpio.o)
GPIO_ReadInputDataBit                             build/waf_bootloader-NoOS-NoNS-MXCHIP3162-SDIO/libraries/STM32F2xx_Peripheral_Libraries.a(stm32f2xx_gpio.o)
GPIO_ReadOutputData                               build/waf_bootloader-NoOS-NoNS-MXCHIP3162-SDIO/libraries/STM32F2xx_Peripheral_Libraries.a(stm32f2xx_gpio.o)
GPIO_ReadOutputDataBit                            build/waf_bootloader-NoOS-NoNS-MXCHIP3162-SDIO/libraries/STM32F2xx_Peripheral_Libraries.a(stm32f2xx_gpio.o)
GPIO_ResetBits                                    build/waf_bootloader-NoOS-NoNS-MXCHIP3162-SDIO/libraries/STM32F2xx_Peripheral_Libraries.a(stm32f2xx_gpio.o)
GPIO_SetBits                                      build/waf_bootloader-NoOS-NoNS-MXCHIP3162-SDIO/libraries/STM32F2xx_Peripheral_Libraries.a(stm32f2xx_gpio.o)
GPIO_StructInit                                   build/waf_bootloader-NoOS-NoNS-MXCHIP3162-SDIO/libraries/STM32F2xx_Peripheral_Libraries.a(stm32f2xx_gpio.o)
GPIO_ToggleBits                                   build/waf_bootloader-NoOS-NoNS-MXCHIP3162-SDIO/libraries/STM32F2xx_Peripheral_Libraries.a(stm32f2xx_gpio.o)
GPIO_Write                                        build/waf_bootloader-NoOS-NoNS-MXCHIP3162-SDIO/libraries/STM32F2xx_Peripheral_Libraries.a(stm32f2xx_gpio.o)
GPIO_WriteBit                                     build/waf_bootloader-NoOS-NoNS-MXCHIP3162-SDIO/libraries/STM32F2xx_Peripheral_Libraries.a(stm32f2xx_gpio.o)
HASH_RNG_irq                                      build/waf_bootloader-NoOS-NoNS-MXCHIP3162-SDIO/libraries/STM32F2xx.a(platform_unhandled_isr.o)
                                                  build/waf_bootloader-NoOS-NoNS-MXCHIP3162-SDIO/Modules/./WICED/platform/MCU/STM32F2xx/platform_vector_table.o
HardFaultException                                build/waf_bootloader-NoOS-NoNS-MXCHIP3162-SDIO/Modules/./WICED/platform/MCU/STM32F2xx/../../ARM_CM3/hardfault_handler.o
                                                  build/waf_bootloader-NoOS-NoNS-MXCHIP3162-SDIO/Modules/./WICED/platform/MCU/STM32F2xx/platform_vector_table.o
HardFaultException_handler                        build/waf_bootloader-NoOS-NoNS-MXCHIP3162-SDIO/Modules/./WICED/platform/MCU/STM32F2xx/../../ARM_CM3/hardfault_handler.o
I2C1_ER_irq                                       build/waf_bootloader-NoOS-NoNS-MXCHIP3162-SDIO/libraries/STM32F2xx.a(platform_unhandled_isr.o)
                                                  build/waf_bootloader-NoOS-NoNS-MXCHIP3162-SDIO/Modules/./WICED/platform/MCU/STM32F2xx/platform_vector_table.o
I2C1_EV_irq                                       build/waf_bootloader-NoOS-NoNS-MXCHIP3162-SDIO/libraries/STM32F2xx.a(platform_unhandled_isr.o)
                                                  build/waf_bootloader-NoOS-NoNS-MXCHIP3162-SDIO/Modules/./WICED/platform/MCU/STM32F2xx/platform_vector_table.o
I2C2_ER_irq                                       build/waf_bootloader-NoOS-NoNS-MXCHIP3162-SDIO/libraries/STM32F2xx.a(platform_unhandled_isr.o)
                                                  build/waf_bootloader-NoOS-NoNS-MXCHIP3162-SDIO/Modules/./WICED/platform/MCU/STM32F2xx/platform_vector_table.o
I2C2_EV_irq                                       build/waf_bootloader-NoOS-NoNS-MXCHIP3162-SDIO/libraries/STM32F2xx.a(platform_unhandled_isr.o)
                                                  build/waf_bootloader-NoOS-NoNS-MXCHIP3162-SDIO/Modules/./WICED/platform/MCU/STM32F2xx/platform_vector_table.o
I2C3_ER_irq                                       build/waf_bootloader-NoOS-NoNS-MXCHIP3162-SDIO/libraries/STM32F2xx.a(platform_unhandled_isr.o)
                                                  build/waf_bootloader-NoOS-NoNS-MXCHIP3162-SDIO/Modules/./WICED/platform/MCU/STM32F2xx/platform_vector_table.o
I2C3_EV_irq                                       build/waf_bootloader-NoOS-NoNS-MXCHIP3162-SDIO/libraries/STM32F2xx.a(platform_unhandled_isr.o)
                                                  build/waf_bootloader-NoOS-NoNS-MXCHIP3162-SDIO/Modules/./WICED/platform/MCU/STM32F2xx/platform_vector_table.o